Archive member included to satisfy reference by file (symbol)

./build/core.a(exception_vectors.o)
                              (call_user_start)
./build/core.a(esp_interrupts.o)
                              ./build/core.a(exception_vectors.o) (_xt_isr_handler)
./build/core.a(app_main.o)    ./build/core.a(exception_vectors.o) (sdk_user_start)
./build/core.a(sysparam.o)    ./build/core.a(app_main.o) (sysparam_init)
./build/core.a(phy_info.o)    ./build/core.a(app_main.o) (get_default_phy_info)
./build/core.a(esp_hwrand.o)  ./build/core.a(app_main.o) (hwrand)
./build/core.a(debug_dumps.o)
                              ./build/core.a(exception_vectors.o) (fatal_exception_handler)
./build/core.a(spiflash-cache-enable.o)
                              ./build/core.a(app_main.o) (Cache_Read_Enable)
./build/open_esplibs_libmain.a(spi_flash.o)
                              ./build/core.a(app_main.o) (sdk_flashchip)
./build/open_esplibs_libmain.a(os_cpu_a.o)
                              ./build/core.a(exception_vectors.o) (sdk__xt_int_enter)
./build/open_esplibs_libmain.a(misc.o)
                              ./build/open_esplibs_libmain.a(os_cpu_a.o) (sdk_os_get_cpu_frequency)
./build/open_esplibs_libmain.a(user_interface.o)
                              ./build/core.a(app_main.o) (sdk_system_rtc_mem_write)
./build/open_esplibs_libmain.a(xtensa_context.o)
                              ./build/open_esplibs_libmain.a(os_cpu_a.o) (sdk__xt_context_save)
./build/open_esplibs_libmain.a(timers.o)
                              ./build/open_esplibs_libmain.a(user_interface.o) (sdk_os_timer_disarm)
/opt/esp-open-sdk/xtensa-lx106-elf/xtensa-lx106-elf/sysroot/usr/lib/libhal.a(clock.o)
                              ./build/open_esplibs_libmain.a(misc.o) (xthal_get_ccount)
/opt/esp-open-sdk/xtensa-lx106-elf/lib/gcc/xtensa-lx106-elf/4.8.5/libgcc.a(_udivsi3.o)
                              ./build/core.a(sysparam.o) (__udivsi3)
/opt/esp-open-sdk/xtensa-lx106-elf/lib/gcc/xtensa-lx106-elf/4.8.5/libgcc.a(_umodsi3.o)
                              ./build/core.a(sysparam.o) (__umodsi3)
/opt/esp-open-sdk/xtensa-lx106-elf/lib/gcc/xtensa-lx106-elf/4.8.5/libgcc.a(_divsf3.o)
                              ./build/core.a(phy_info.o) (__divsf3)
/opt/esp-open-sdk/xtensa-lx106-elf/lib/gcc/xtensa-lx106-elf/4.8.5/libgcc.a(_floatsisf.o)
                              ./build/core.a(phy_info.o) (__floatunsisf)
/opt/esp-open-sdk/xtensa-lx106-elf/lib/gcc/xtensa-lx106-elf/4.8.5/libgcc.a(_muldf3.o)
                              ./build/core.a(phy_info.o) (__muldf3)
/opt/esp-open-sdk/xtensa-lx106-elf/lib/gcc/xtensa-lx106-elf/4.8.5/libgcc.a(_floatsidf.o)
                              ./build/core.a(phy_info.o) (__floatsidf)
/opt/esp-open-sdk/xtensa-lx106-elf/lib/gcc/xtensa-lx106-elf/4.8.5/libgcc.a(_extendsfdf2.o)
                              ./build/core.a(phy_info.o) (__extendsfdf2)
../../libc/xtensa-lx106-elf/lib/libc.a(lib_a-impure.o)
                              ./build/core.a(app_main.o) (_impure_ptr)
../../libc/xtensa-lx106-elf/lib/libc.a(lib_a-malloc.o)
                              ./build/core.a(app_main.o) (malloc)
../../libc/xtensa-lx106-elf/lib/libc.a(lib_a-memcmp.o)
                              ./build/core.a(sysparam.o) (memcmp)
../../libc/xtensa-lx106-elf/lib/libc.a(lib_a-memcpy.o)
                              ./build/core.a(app_main.o) (memcpy)
../../libc/xtensa-lx106-elf/lib/libc.a(lib_a-memset.o)
                              ./build/core.a(app_main.o) (memset)
../../libc/xtensa-lx106-elf/lib/libc.a(lib_a-mstats.o)
                              ./build/core.a(debug_dumps.o) (mallinfo)
../../libc/xtensa-lx106-elf/lib/libc.a(lib_a-nano-freer.o)
                              ../../libc/xtensa-lx106-elf/lib/libc.a(lib_a-malloc.o) (_free_r)
../../libc/xtensa-lx106-elf/lib/libc.a(lib_a-nano-mallinfor.o)
                              ../../libc/xtensa-lx106-elf/lib/libc.a(lib_a-mstats.o) (_mallinfo_r)
../../libc/xtensa-lx106-elf/lib/libc.a(lib_a-nano-mallocr.o)
                              ../../libc/xtensa-lx106-elf/lib/libc.a(lib_a-nano-freer.o) (__malloc_free_list)
../../libc/xtensa-lx106-elf/lib/libc.a(lib_a-nano-malloptr.o)
                              ../../libc/xtensa-lx106-elf/lib/libc.a(lib_a-mstats.o) (_mallopt_r)
../../libc/xtensa-lx106-elf/lib/libc.a(lib_a-nano-mallstatsr.o)
                              ../../libc/xtensa-lx106-elf/lib/libc.a(lib_a-mstats.o) (_malloc_stats_r)
../../libc/xtensa-lx106-elf/lib/libc.a(lib_a-nano-vfprintf_float.o)
                              (_printf_float)
../../libc/xtensa-lx106-elf/lib/libc.a(lib_a-nano-vfprintf_i.o)
                              ../../libc/xtensa-lx106-elf/lib/libc.a(lib_a-nano-vfprintf_float.o) (_printf_common)
../../libc/xtensa-lx106-elf/lib/libc.a(lib_a-nano-vfscanf_float.o)
                              (_scanf_float)
../../libc/xtensa-lx106-elf/lib/libc.a(lib_a-printf.o)
                              ./build/core.a(exception_vectors.o) (printf)
[...]
Memory Configuration

Name             Origin             Length             Attributes
dport0_0_seg     0x000000003ff00000 0x0000000000000010
dram0_0_seg      0x000000003ffe8000 0x0000000000014000
iram1_0_seg      0x0000000040100000 0x0000000000008000
irom0_0_seg      0x0000000040202010 0x00000000000fdff0
*default*        0x0000000000000000 0xffffffffffffffff

Linker script and memory map

START GROUP
LOAD ./build/program.a
LOAD ./build/paho_mqtt_c.a
LOAD ./build/mbedtls.a
LOAD ./build/freertos.a
LOAD ./build/lwip.a
LOAD ./build/core.a
LOAD ./build/open_esplibs.a
LOAD ./build/open_esplibs_libmain.a
LOAD /opt/esp-open-sdk/xtensa-lx106-elf/xtensa-lx106-elf/sysroot/usr/lib/libhal.a
LOAD /opt/esp-open-sdk/xtensa-lx106-elf/lib/gcc/xtensa-lx106-elf/4.8.5/libgcc.a
LOAD ../../libc/xtensa-lx106-elf/lib/libc.a
LOAD ./build/sdklib/libmain.a
LOAD ./build/sdklib/libnet80211.a
LOAD ./build/sdklib/libphy.a
LOAD ./build/sdklib/libpp.a
LOAD ./build/sdklib/libwpa.a
END GROUP
                0x0000000040106684                pvPortMalloc = malloc
                0x00000000401066a0                vPortFree = free
                0x00000000401016d8                _lock_acquire = vPortEnterCritical
                0x00000000401016d8                _lock_acquire_recursive = vPortEnterCritical
                0x00000000401016d8                _lock_try_acquire = vPortEnterCritical
                0x00000000401016d8                _lock_try_acquire_recursive = vPortEnterCritical
                0x0000000040101700                _lock_release = vPortExitCritical
                0x0000000040101700                _lock_release_recursive = vPortExitCritical
                0x0000000040106bfc                ets_printf = printf
                [!provide]                        PROVIDE (_memmap_vecbase_reset, 0x40000000)
                0x0000000000000110                _memmap_cacheattr_wb_base = 0x110
                0x0000000000000110                _memmap_cacheattr_wt_base = 0x110
                0x0000000000000220                _memmap_cacheattr_bp_base = 0x220
                0x00000000fffff00f                _memmap_cacheattr_unused_mask = 0xfffff00f
                0x000000002222211f                _memmap_cacheattr_wb_trapnull = 0x2222211f
                0x000000002222211f                _memmap_cacheattr_wba_trapnull = 0x2222211f
                0x000000002222211f                _memmap_cacheattr_wbna_trapnull = 0x2222211f
                0x000000002222211f                _memmap_cacheattr_wt_trapnull = 0x2222211f
                0x000000002222222f                _memmap_cacheattr_bp_trapnull = 0x2222222f
                0x00000000fffff11f                _memmap_cacheattr_wb_strict = 0xfffff11f
                0x00000000fffff11f                _memmap_cacheattr_wt_strict = 0xfffff11f
                0x00000000fffff22f                _memmap_cacheattr_bp_strict = 0xfffff22f
                0x0000000022222112                _memmap_cacheattr_wb_allvalid = 0x22222112
                0x0000000022222112                _memmap_cacheattr_wt_allvalid = 0x22222112
                0x0000000022222222                _memmap_cacheattr_bp_allvalid = 0x22222222
                [!provide]                        PROVIDE (_memmap_cacheattr_reset, _memmap_cacheattr_wb_trapnull)

.dport0.rodata  0x000000003ff00000        0x0
                0x000000003ff00000                _dport0_rodata_start = ABSOLUTE (.)
 *(.dport0.rodata)
 *(.dport.rodata)
                0x000000003ff00000                _dport0_rodata_end = ABSOLUTE (.)

.dport0.literal
                0x000000003ff00000        0x0
                0x000000003ff00000                _dport0_literal_start = ABSOLUTE (.)
 *(.dport0.literal)
 *(.dport.literal)
                0x000000003ff00000                _dport0_literal_end = ABSOLUTE (.)

.dport0.data    0x000000003ff00000        0x0
                0x000000003ff00000                _dport0_data_start = ABSOLUTE (.)
 *(.dport0.data)
 *(.dport.data)
                0x000000003ff00000                _dport0_data_end = ABSOLUTE (.)

.text           0x0000000040100000     0x7baa
                0x0000000040100000                _stext = .
                0x0000000040100000                _text_start = ABSOLUTE (.)
                0x0000000040100000                . = ALIGN (0x10)
 *(.vecbase.text)
 .vecbase.text  0x0000000040100000      0x3b2 ./build/core.a(exception_vectors.o)
                0x0000000040100000                VecBase
                0x000000004010023c                call_user_start
                0x000000004010039e                _xt_user_exit
 *(.entry.text)
 *(.init.literal)
 *(.init)
 *(.iram1.*)
 *fill*         0x00000000401003b2        0x2 
 .iram1.text    0x00000000401003b4       0xa1 ./build/core.a(esp_interrupts.o)
                                         0xa5 (size before relaxing)
                0x00000000401003b8                _xt_isr_attach
                0x00000000401003cc                _xt_isr_handler
 *fill*         0x0000000040100455        0x3 
 .iram1.text    0x0000000040100458      0x2ef ./build/core.a(app_main.o)
                                        0x32f (size before relaxing)
                0x0000000040100484                vApplicationStackOverflowHook
                0x00000000401004b0                vApplicationIdleHook
                0x00000000401004d4                vApplicationTickHook
                0x0000000040100550                sdk_user_start
 *fill*         0x0000000040100747        0x1 
 .iram1.text    0x0000000040100748       0x94 ./build/core.a(sysparam.o)
                                         0xb8 (size before relaxing)
 .iram1.text    0x00000000401007dc       0x98 ./build/core.a(debug_dumps.o)
                                         0xa4 (size before relaxing)
                0x0000000040100834                debug_exception_handler
                0x0000000040100834                fatal_exception_handler
                0x0000000040100854                abort
 .iram1.text    0x0000000040100874       0x67 ./build/core.a(spiflash-cache-enable.o)
                                         0x7b (size before relaxing)
                0x0000000040100884                Cache_Read_Enable
 *fill*         0x00000000401008db        0x1 
 .iram1.text    0x00000000401008dc      0x394 ./build/open_esplibs_libmain.a(spi_flash.o)
                                        0x478 (size before relaxing)
                0x00000000401008fc                sdk_SPIReadModeCnfig
                0x0000000040100978                sdk_SPIWrite
                0x0000000040100a34                sdk_SPIRead
                0x0000000040100a64                sdk_SPIEraseSector
                0x0000000040100ac0                sdk_spi_flash_get_id
                0x0000000040100b1c                sdk_spi_flash_read_status
                0x0000000040100b5c                sdk_spi_flash_write_status
                0x0000000040100b98                sdk_spi_flash_erase_sector
                0x0000000040100bcc                sdk_spi_flash_write
                0x0000000040100c1c                sdk_spi_flash_read
 .iram1.text    0x0000000040100c70      0x12d ./build/open_esplibs_libmain.a(os_cpu_a.o)
                                        0x175 (size before relaxing)
                0x0000000040100c74                vPortYield
                0x0000000040100cac                sdk__xt_int_enter
                0x0000000040100cc4                sdk__xt_int_exit
                0x0000000040100cf4                sdk__xt_timer_int
                0x0000000040100d30                sdk__xt_timer_int1
                0x0000000040100d44                sdk__xt_tick_timer_init
                0x0000000040100d70                sdk__xt_isr_unmask
                0x0000000040100d80                sdk__xt_isr_mask
                0x0000000040100d90                sdk__xt_read_ints
                0x0000000040100d98                sdk__xt_clear_ints
 *fill*         0x0000000040100d9d        0x3 
 .iram1.text    0x0000000040100da0        0xb ./build/open_esplibs_libmain.a(misc.o)
                0x0000000040100da4                sdk_os_get_cpu_frequency
 *fill*         0x0000000040100dab        0x1 
 .iram1.text    0x0000000040100dac      0x199 ./build/open_esplibs_libmain.a(user_interface.o)
                                        0x1ad (size before relaxing)
                0x0000000040100db0                sdk_system_rtc_mem_write
                0x0000000040100e10                sdk_system_rtc_mem_read
                0x0000000040100e78                sdk_system_restart_in_nmi
 *fill*         0x0000000040100f45        0x3 
 .iram1.text    0x0000000040100f48      0x26b ./build/freertos.a(queue.o)
                                        0x313 (size before relaxing)
                0x0000000040101094                xQueueGenericSend
                0x00000000401011ac                uxQueueMessagesWaitingFromISR
 *fill*         0x00000000401011b3        0x1 
 .iram1.text    0x00000000401011b4      0x4d1 ./build/freertos.a(tasks.o)
                                        0x5c8 (size before relaxing)
                0x000000004010122c                vTaskSuspendAll
                0x0000000040101250                xTaskIncrementTick
                0x00000000401013e8                xTaskResumeAll
                0x00000000401014d8                vTaskPlaceOnEventList
                0x0000000040101528                xTaskRemoveFromEventList
                0x0000000040101598                vTaskSetTimeOutState
                0x00000000401015b0                xTaskCheckForTimeOut
                0x0000000040101628                vTaskMissedYield
                0x0000000040101634                vTaskPriorityDisinherit
 *fill*         0x0000000040101685        0x3 
 .iram1.text    0x0000000040101688       0xd7 ./build/freertos.a(port.o)
                                         0xff (size before relaxing)
                0x0000000040101690                SV_ISR
                0x00000000401016d8                vPortEnterCritical
                0x0000000040101700                vPortExitCritical
                0x000000004010172c                PendSV
 *fill*         0x000000004010175f        0x1 
 .iram1.text    0x0000000040101760       0x1b ./build/core.a(sdk_compat.o)
                0x0000000040101764                zalloc
 *fill*         0x000000004010177b        0x1 
 .iram1.text    0x000000004010177c       0x34 ./build/core.a(newlib_syscalls.o)
                0x0000000040101788                _sbrk_r
 .iram1.text    0x00000000401017b0       0x26 ./build/core.a(esp_iomux.o)
                0x00000000401017b4                gpio_to_iomux
                0x00000000401017c8                iomux_to_gpio
 *fill*         0x00000000401017d6        0x0 
 *fill*         0x00000000401017d6        0x0 
 *fill*         0x00000000401017d6        0x2 
 .iram1.data    0x00000000401017d8        0x4 ./build/core.a(debug_dumps.o)
 *fill*         0x00000000401017dc        0x0 
 *fill*         0x00000000401017dc        0x0 
 *fill*         0x00000000401017dc        0x0 
 *fill*         0x00000000401017dc        0x0 
 .iram1.text    0x00000000401017dc       0x3d ./build/open_esplibs_libmain.a(xtensa_context.o)
                0x00000000401017dc                sdk__xt_context_save
                0x00000000401017f8                sdk__xt_context_restore
 *fill*         0x0000000040101819        0x0 
 *fill*         0x0000000040101819        0x3 
 .iram1.text    0x000000004010181c       0x65 ./build/freertos.a(list.o)
                0x000000004010181c                vListInsertEnd
                0x0000000040101834                vListInsert
                0x0000000040101860                uxListRemove
 *fill*         0x0000000040101881        0x0 
 *fill*         0x0000000040101881        0x0 
 *fill*         0x0000000040101881        0x0 
 *fill*         0x0000000040101881        0x3 
 .iram1.data    0x0000000040101884       0x80 ./build/core.a(esp_iomux.o)
 *sdklib*:*(.literal .text .literal.* .text.*)
 .text          0x0000000040101904       0x90 ./build/sdklib/libmain.a(ets_timer.o)
                                         0xa0 (size before relaxing)
 .text          0x0000000040101994        0xb ./build/sdklib/libnet80211.a(wl_chm.o)
                0x0000000040101998                sdk_chm_get_current_channel
 *fill*         0x000000004010199f        0x1 
 .text          0x00000000401019a0       0x4f ./build/sdklib/libphy.a(phy.o)
                                         0x53 (size before relaxing)
                0x00000000401019a8                sdk_register_phy_ops
                0x00000000401019c8                sdk_phy_change_channel
                0x00000000401019e4                sdk_phy_get_mactime
 *fill*         0x00000000401019ef        0x1 
 .text          0x00000000401019f0       0xfb ./build/sdklib/libphy.a(phy_sleep.o)
                                        0x103 (size before relaxing)
                0x0000000040101a04                sdk_pm_rtc_clock_cali
                0x0000000040101ac0                sdk_clockgate_watchdog
 *fill*         0x0000000040101aeb        0x1 
 .text          0x0000000040101aec       0x94 ./build/sdklib/libpp.a(esf_buf.o)
                                         0xb4 (size before relaxing)
                0x0000000040101af0                sdk_esf_rx_buf_alloc
 .text          0x0000000040101b80     0x14e4 ./build/sdklib/libpp.a(lmac.o)
                                       0x187c (size before relaxing)
                0x0000000040101b84                sdk_lmacIsActive
                0x0000000040101b98                sdk_lmacIsIdle
                0x0000000040101fe4                sdk_lmacSetAcParam
                0x0000000040102080                sdk_lmacProcessTXStartData
                0x0000000040102228                sdk_lmacProcessTxSuccess
                0x0000000040102370                sdk_GetAccess
                0x000000004010237c                sdk_lmacDiscardAgedMSDU
                0x0000000040102390                sdk_lmacRecycleMPDU
                0x0000000040102870                sdk_lmacProcessCollisions
                0x00000000401028cc                sdk_lmacProcessCollision
                0x0000000040102950                sdk_lmacMSDUAged
                0x0000000040102cd4                sdk_lmacProcessCtsTimeout
                0x0000000040102d1c                sdk_lmacProcessAckTimeout
                0x0000000040102d70                sdk_lmacProcessRtsStart
                0x0000000040102d7c                sdk_lmacProcessTxRtsError
                0x0000000040102e14                sdk_lmacProcessTxError
                0x0000000040102e98                sdk_lmacTxFrame
                0x000000004010304c                sdk_lmacRxDone
 .text          0x0000000040103064      0xe5c ./build/sdklib/libpp.a(pp.o)
                                       0x103c (size before relaxing)
                0x0000000040103094                sdk_pp_soft_wdt_feed
                0x00000000401031a8                sdk_ppProcessTxQ
                0x0000000040103298                sdk_ppFetchTxQFirstAvail
                0x00000000401032d8                sdk_ppDequeueTxQ
                0x0000000040103300                sdk_ppRollBackTxQ
                0x0000000040103324                sdk_ppRecordBarRRC
                0x0000000040103334                sdk_ppTxqUpdateBitmap
                0x0000000040103358                sdk_ppEnqueueTxDone
                0x000000004010338c                sdk_ppEnqueueRxq
                0x0000000040103b54                sdk_ppDiscardMPDU
                0x0000000040103b84                sdk_MacIsrSigPostDefHdl
                0x0000000040103c70                sdk_pp_post
                0x0000000040103d6c                sdk_ppCalTxop
                0x0000000040103e50                sdk_ppCalFrameTimes
 .text          0x0000000040103ec0       0xf5 ./build/sdklib/libpp.a(rate_control.o)
                                        0x109 (size before relaxing)
                0x0000000040103ee0                sdk_RC_GetAckRate
                0x0000000040103eec                sdk_RC_GetRtsRate
                0x0000000040103efc                sdk_RC_GetAckTime
                0x0000000040103f10                sdk_RC_GetCtsTime
                0x0000000040103f48                sdk_RC_GetBlockAckTime
 *fill*         0x0000000040103fb5        0x3 
 .text          0x0000000040103fb8      0x7f9 ./build/sdklib/libpp.a(trc.o)
                                        0x81d (size before relaxing)
                0x0000000040104130                sdk_rcUpdateTxDone
                0x00000000401041c4                sdk_rcUpdateRxDone
                0x0000000040104220                sdk_rcUpdateDataRxDone
                0x0000000040104238                sdk_rcGetSched
                0x00000000401042e0                sdk_rcGetRate
                0x00000000401046e4                sdk_rcReachRetryLimit
                0x00000000401046fc                sdk_trc_NeedRTS
 *fill*         0x00000000401047b1        0x3 
 .text          0x00000000401047b4     0x114f ./build/sdklib/libpp.a(wdev.o)
                                       0x1473 (size before relaxing)
                0x0000000040104b08                sdk_wDev_MacTimSetFunc
                0x0000000040104b28                sdk_wDev_MacTimArm
                0x0000000040104bcc                sdk_wDev_MacTim1Arm
                0x0000000040104ca8                sdk_wDev_ProcessFiq
                0x000000004010504c                sdk_wDev_EnableTransmit
                0x0000000040105090                sdk_wDev_DisableTransmit
                0x00000000401050b0                sdk_Tx_Copy2Queue
                0x00000000401050f8                sdk_wDev_ProcessCollision
                0x000000004010511c                sdk_wDev_GetTxqCollisions
                0x000000004010512c                sdk_wDev_ClearTxqCollisions
                0x0000000040105148                sdk_wDev_SetWaitingQueue
                0x0000000040105194                sdk_wDev_ClearWaitingQueue
                0x00000000401051b4                sdk_wDev_SetFrameAckType
                0x0000000040105218                sdk_wDev_AppendRxBlocks
                0x00000000401053c0                sdk_wDev_AppendRxAmpduLensBlocks
                0x00000000401054f8                sdk_wDev_GetBAInfo
 *fill*         0x0000000040105903        0x1 
 .text          0x0000000040105904       0x25 ./build/sdklib/libnet80211.a(ieee80211_hostap.o)
 *fill*         0x0000000040105929        0x0 
 *fill*         0x0000000040105929        0x0 
 *fill*         0x0000000040105929        0x3 
 .text          0x000000004010592c        0x2 ./build/sdklib/libphy.a(phy_chip_v6.o)
                0x000000004010592c                sdk_ram_tx_mac_disable
 *fill*         0x000000004010592e        0x0 
 *fill*         0x000000004010592e        0x0 
 *fill*         0x000000004010592e        0x0 
 *fill*         0x000000004010592e        0x0 
 *fill*         0x000000004010592e        0x2 
 .text          0x0000000040105930       0x11 ./build/sdklib/libwpa.a(wpa_auth.o)
 *libgcc.a:*i3.o(.literal .text .literal.* .text.*)
 *fill*         0x0000000040105941        0x3 
 .literal       0x0000000040105944        0x0 /opt/esp-open-sdk/xtensa-lx106-elf/lib/gcc/xtensa-lx106-elf/4.8.5/libgcc.a(_muldi3.o)
                                          0x4 (size before relaxing)
 .literal       0x0000000040105944        0x0 /opt/esp-open-sdk/xtensa-lx106-elf/lib/gcc/xtensa-lx106-elf/4.8.5/libgcc.a(_divdi3.o)
                                         0x48 (size before relaxing)
 .literal       0x0000000040105944        0x0 /opt/esp-open-sdk/xtensa-lx106-elf/lib/gcc/xtensa-lx106-elf/4.8.5/libgcc.a(_udivdi3.o)
                                         0x48 (size before relaxing)
 .literal       0x0000000040105944        0x0 /opt/esp-open-sdk/xtensa-lx106-elf/lib/gcc/xtensa-lx106-elf/4.8.5/libgcc.a(_umoddi3.o)
                                         0x40 (size before relaxing)
 .literal       0x0000000040105944        0x4 ../../libc/xtensa-lx106-elf/lib/libc.a(lib_a-malloc.o)
                                         0x10 (size before relaxing)
 .literal       0x0000000040105948        0x8 ../../libc/xtensa-lx106-elf/lib/libc.a(lib_a-nano-mallocr.o)
                                         0x20 (size before relaxing)
 .literal       0x0000000040105950        0x0 ../../libc/xtensa-lx106-elf/lib/libc.a(lib_a-nano-freer.o)
                                          0xc (size before relaxing)
 .literal       0x0000000040105950       0x24 ../../libc/xtensa-lx106-elf/lib/libc.a(lib_a-rand.o)
                                         0x58 (size before relaxing)
 .literal       0x0000000040105974        0x4 ../../libc/xtensa-lx106-elf/lib/libc.a(lib_a-mlock.o)
                                         0x10 (size before relaxing)
 .literal       0x0000000040105978        0x0 ../../libc/xtensa-lx106-elf/lib/libc.a(lib_a-printf.o)
                                         0x14 (size before relaxing)
 .literal       0x0000000040105978        0x0 ../../libc/xtensa-lx106-elf/lib/libc.a(lib_a-snprintf.o)
                                          0xc (size before relaxing)
 .literal       0x0000000040105978        0x0 ../../libc/xtensa-lx106-elf/lib/libc.a(lib_a-sprintf.o)
                                         0x14 (size before relaxing)
 .literal       0x0000000040105978        0x0 ../../libc/xtensa-lx106-elf/lib/libc.a(lib_a-fprintf.o)
                                          0xc (size before relaxing)
 .literal       0x0000000040105978       0x20 ../../libc/xtensa-lx106-elf/lib/libc.a(lib_a-nano-svfprintf.o)
                                         0x54 (size before relaxing)
 .literal       0x0000000040105998       0x28 ../../libc/xtensa-lx106-elf/lib/libc.a(lib_a-nano-vfprintf.o)
                                         0x60 (size before relaxing)
 .literal       0x00000000401059c0       0x34 ../../libc/xtensa-lx106-elf/lib/libc.a(lib_a-findfp.o)
                                         0x80 (size before relaxing)
 .literal       0x00000000401059f4        0x8 ../../libc/xtensa-lx106-elf/lib/libc.a(lib_a-fputwc.o)
                                         0x2c (size before relaxing)
 .text          0x00000000401059fc       0x36 /opt/esp-open-sdk/xtensa-lx106-elf/lib/gcc/xtensa-lx106-elf/4.8.5/libgcc.a(_muldi3.o)
                0x00000000401059fc                __muldi3
 *fill*         0x0000000040105a32        0x2 
 .text          0x0000000040105a34      0x3eb /opt/esp-open-sdk/xtensa-lx106-elf/lib/gcc/xtensa-lx106-elf/4.8.5/libgcc.a(_divdi3.o)
                                        0x41b (size before relaxing)
                0x0000000040105a34                __divdi3
 *fill*         0x0000000040105e1f        0x1 
 .text          0x0000000040105e20      0x38d /opt/esp-open-sdk/xtensa-lx106-elf/lib/gcc/xtensa-lx106-elf/4.8.5/libgcc.a(_udivdi3.o)
                                        0x3b5 (size before relaxing)
                0x0000000040105e20                __udivdi3
 *fill*         0x00000000401061ad        0x3 
 .text          0x00000000401061b0      0x33a /opt/esp-open-sdk/xtensa-lx106-elf/lib/gcc/xtensa-lx106-elf/4.8.5/libgcc.a(_umoddi3.o)
                                        0x366 (size before relaxing)
                0x00000000401061b0                __umoddi3
 *fill*         0x00000000401064ea        0x2 
 .text          0x00000000401064ec       0x4c /opt/esp-open-sdk/xtensa-lx106-elf/lib/gcc/xtensa-lx106-elf/4.8.5/libgcc.a(_udivsi3.o)
                0x00000000401064ec                __udivsi3
 .text          0x0000000040106538       0x39 /opt/esp-open-sdk/xtensa-lx106-elf/lib/gcc/xtensa-lx106-elf/4.8.5/libgcc.a(_umodsi3.o)
                0x0000000040106538                __umodsi3
 *fill*         0x0000000040106571        0x3 
 .text          0x0000000040106574       0x64 /opt/esp-open-sdk/xtensa-lx106-elf/lib/gcc/xtensa-lx106-elf/4.8.5/libgcc.a(_divsi3.o)
                0x0000000040106574                __divsi3
 .text          0x00000000401065d8       0x49 /opt/esp-open-sdk/xtensa-lx106-elf/lib/gcc/xtensa-lx106-elf/4.8.5/libgcc.a(_modsi3.o)
                0x00000000401065d8                __modsi3
 *fill*         0x0000000040106621        0x3 
 .text          0x0000000040106624       0x18 /opt/esp-open-sdk/xtensa-lx106-elf/lib/gcc/xtensa-lx106-elf/4.8.5/libgcc.a(_ashrdi3.o)
                0x0000000040106624                __ashrdi3
 *fill*         0x000000004010663c        0x0 
 *fill*         0x000000004010663c        0x0 
 *fill*         0x000000004010663c        0x0 
 *fill*         0x000000004010663c        0x0 
 .text          0x000000004010663c       0x48 /opt/esp-open-sdk/xtensa-lx106-elf/lib/gcc/xtensa-lx106-elf/4.8.5/libgcc.a(_umulsidi3.o)
                0x000000004010663c                __umulsidi3
 *libc.a:*malloc.o(.literal .text .literal.* .text.*)
 .text          0x0000000040106684       0x35 ../../libc/xtensa-lx106-elf/lib/libc.a(lib_a-malloc.o)
                0x0000000040106684                malloc
                0x00000000401066a0                free
 *libc.a:*mallocr.o(.literal .text .literal.* .text.*)
 *fill*         0x00000000401066b9        0x3 
 .text          0x00000000401066bc       0xed ../../libc/xtensa-lx106-elf/lib/libc.a(lib_a-nano-mallocr.o)
                                         0xf1 (size before relaxing)
                0x00000000401066bc                _malloc_r
 *fill*         0x00000000401067a9        0x0 
 *libc.a:*freer.o(.literal .text .literal.* .text.*)
 *fill*         0x00000000401067a9        0x3 
 .text          0x00000000401067ac       0xb1 ../../libc/xtensa-lx106-elf/lib/libc.a(lib_a-nano-freer.o)
                0x00000000401067ac                _free_r
 *fill*         0x000000004010685d        0x0 
 *libc.a:*memcpy.o(.literal .text .literal.* .text.*)
 *fill*         0x000000004010685d        0x3 
 .text          0x0000000040106860      0x145 ../../libc/xtensa-lx106-elf/lib/libc.a(lib_a-memcpy.o)
                0x00000000401068a4                memcpy
 *libc.a:*memset.o(.literal .text .literal.* .text.*)
 *fill*         0x00000000401069a5        0x3 
 .text          0x00000000401069a8       0x7c ../../libc/xtensa-lx106-elf/lib/libc.a(lib_a-memset.o)
                0x00000000401069d4                memset
 *libc.a:*memcmp.o(.literal .text .literal.* .text.*)
 .text          0x0000000040106a24       0x23 ../../libc/xtensa-lx106-elf/lib/libc.a(lib_a-memcmp.o)
                0x0000000040106a24                memcmp
 *libc.a:*memmove.o(.literal .text .literal.* .text.*)
 *fill*         0x0000000040106a47        0x1 
 .text          0x0000000040106a48       0x3b ../../libc/xtensa-lx106-elf/lib/libc.a(lib_a-memmove.o)
                0x0000000040106a48                memmove
 *libc.a:*rand.o(.literal .text .literal.* .text.*)
 *fill*         0x0000000040106a83        0x1 
 .text          0x0000000040106a84       0xdd ../../libc/xtensa-lx106-elf/lib/libc.a(lib_a-rand.o)
                                         0xe1 (size before relaxing)
                0x0000000040106a84                srand
                0x0000000040106ae8                rand
 *fill*         0x0000000040106b61        0x0 
 *libc.a:*bzero.o(.literal .text .literal.* .text.*)
 *fill*         0x0000000040106b61        0x3 
 .text          0x0000000040106b64       0x12 ../../libc/xtensa-lx106-elf/lib/libc.a(lib_a-bzero.o)
                0x0000000040106b64                bzero
 *libc.a:*lock.o(.literal .text .literal.* .text.*)
 *fill*         0x0000000040106b76        0x2 
 .text          0x0000000040106b78       0x2d ../../libc/xtensa-lx106-elf/lib/libc.a(lib_a-mlock.o)
                0x0000000040106b78                __malloc_lock
                0x0000000040106b90                __malloc_unlock
 *fill*         0x0000000040106ba5        0x3 
 .text          0x0000000040106ba8        0x8 ../../libc/xtensa-lx106-elf/lib/libc.a(lock.o)
                0x0000000040106ba8                _lock_close_recursive
                0x0000000040106ba8                __dummy_lock
                0x0000000040106ba8                _lock_init_recursive
                0x0000000040106ba8                _lock_close
                0x0000000040106ba8                _lock_init
                0x0000000040106bac                __dummy_lock_try
 *libc.a:*printf.o(.literal .text .literal.* .text.*)
 .text          0x0000000040106bb0       0x99 ../../libc/xtensa-lx106-elf/lib/libc.a(lib_a-printf.o)
                0x0000000040106bb0                _printf_r
                0x0000000040106bb0                _iprintf_r
                0x0000000040106bfc                printf
                0x0000000040106bfc                iprintf
 *fill*         0x0000000040106c49        0x3 
 .text          0x0000000040106c4c      0x10c ../../libc/xtensa-lx106-elf/lib/libc.a(lib_a-snprintf.o)
                0x0000000040106c4c                _sniprintf_r
                0x0000000040106c4c                _snprintf_r
                0x0000000040106cd0                snprintf
                0x0000000040106cd0                sniprintf
 .text          0x0000000040106d58       0xb5 ../../libc/xtensa-lx106-elf/lib/libc.a(lib_a-sprintf.o)
                                         0xb9 (size before relaxing)
                0x0000000040106d58                _siprintf_r
                0x0000000040106d58                _sprintf_r
                0x0000000040106db0                sprintf
                0x0000000040106db0                siprintf
 *fill*         0x0000000040106e0d        0x3 
 .text          0x0000000040106e10       0x57 ../../libc/xtensa-lx106-elf/lib/libc.a(lib_a-fprintf.o)
                                         0x5b (size before relaxing)
                0x0000000040106e10                _fprintf_r
                0x0000000040106e10                _fiprintf_r
                0x0000000040106e34                fprintf
                0x0000000040106e34                fiprintf
 *fill*         0x0000000040106e67        0x1 
 .text          0x0000000040106e68      0x4b1 ../../libc/xtensa-lx106-elf/lib/libc.a(lib_a-nano-svfprintf.o)
                                        0x4b5 (size before relaxing)
                0x0000000040106e68                __ssputs_r
                0x0000000040106f60                __ssprint_r
                0x0000000040107094                _svfprintf_r
                0x0000000040107094                _svfiprintf_r
 *fill*         0x0000000040107319        0x3 
 .text          0x000000004010731c      0x447 ../../libc/xtensa-lx106-elf/lib/libc.a(lib_a-nano-vfprintf.o)
                                        0x44b (size before relaxing)
                0x0000000040107354                __sfputs_r
                0x00000000401073c4                __sprint_r
                0x0000000040107454                _vfiprintf_r
                0x0000000040107454                _vfprintf_r
                0x000000004010773c                vfiprintf
                0x000000004010773c                vfprintf
 *fill*         0x0000000040107763        0x0 
 *fill*         0x0000000040107763        0x0 
 *fill*         0x0000000040107763        0x0 
 *fill*         0x0000000040107763        0x0 
 *fill*         0x0000000040107763        0x0 
 *libc.a:*findfp.o(.literal .text .literal.* .text.*)
 *fill*         0x0000000040107763        0x1 
 .text          0x0000000040107764      0x2ae ../../libc/xtensa-lx106-elf/lib/libc.a(lib_a-findfp.o)
                                        0x2c6 (size before relaxing)
                0x0000000040107764                _cleanup_r
                0x0000000040107800                __sfmoreglue
                0x0000000040107844                _cleanup
                0x0000000040107858                __sfp_lock_acquire
                0x0000000040107870                __sfp_lock_release
                0x0000000040107888                __sinit_lock_acquire
                0x00000000401078a0                __sinit_lock_release
                0x00000000401078b8                __sinit
                0x0000000040107928                __sfp
                0x00000000401079d4                __fp_lock_all
                0x00000000401079f4                __fp_unlock_all
 *fill*         0x0000000040107a12        0x0 
 *libc.a:*fputwc.o(.literal .text .literal.* .text.*)
 *fill*         0x0000000040107a12        0x2 
 .text          0x0000000040107a14      0x196 ../../libc/xtensa-lx106-elf/lib/libc.a(lib_a-fputwc.o)
                                        0x19e (size before relaxing)
                0x0000000040107a14                __fputwc
                0x0000000040107ae4                _fputwc_r
                0x0000000040107b54                fputwc
 *fill*         0x0000000040107baa        0x0 
 *(.stub .gnu.warning .gnu.linkonce.literal.* .gnu.linkonce.t.*.literal .gnu.linkonce.t.*)
 *(.fini.literal)
 *(.fini)
 *(.gnu.version)
                0x0000000040107baa                _text_end = ABSOLUTE (.)
                0x0000000040107baa                _etext = .

.data           0x000000003ffe8000      0x8d4
                0x000000003ffe8000                _data_start = ABSOLUTE (.)
 *(.data)
 .data          0x000000003ffe8000        0x8 ./build/core.a(spiflash-cache-enable.o)
                0x000000003ffe8000                rboot_megabyte
 .data          0x000000003ffe8008       0xf4 ../../libc/xtensa-lx106-elf/lib/libc.a(lib_a-impure.o)
                0x000000003ffe8008                _impure_ptr
 .data          0x000000003ffe80fc        0x4 ../../libc/xtensa-lx106-elf/lib/libc.a(lib_a-ctype_.o)
                0x000000003ffe80fc                __ctype_ptr__
 .data          0x000000003ffe8100       0x7c ../../libc/xtensa-lx106-elf/lib/libc.a(lib_a-locale.o)
                0x000000003ffe8178                __mb_cur_max
 .data          0x000000003ffe817c        0x4 ../../libc/xtensa-lx106-elf/lib/libc.a(lib_a-wctomb_r.o)
                0x000000003ffe817c                __wctomb
 .data          0x000000003ffe8180        0x1 ./build/sdklib/libmain.a(user_interface.o)
 *fill*         0x000000003ffe8181        0x3 
 .data          0x000000003ffe8184      0x1a8 ./build/sdklib/libnet80211.a(ieee80211_phy.o)
 *fill*         0x000000003ffe832c        0x4 
 .data          0x000000003ffe8330        0x6 ./build/sdklib/libnet80211.a(ieee80211_proto.o)
                0x000000003ffe8330                sdk_ieee80211_addr_bcast
 *fill*         0x000000003ffe8336        0x2 
 .data          0x000000003ffe8338       0x1c ./build/sdklib/libnet80211.a(ieee80211_action.o)
 *fill*         0x000000003ffe8354        0xc 
 .data          0x000000003ffe8360       0x53 ./build/sdklib/libphy.a(phy_chip_v6.o)
                0x000000003ffe8362                sdk_tx_rf_ana_gain
                0x000000003ffe8384                sdk_tx_pwctrl_atten_init_en
                0x000000003ffe8390                sdk_rx_gain_swp
                0x000000003ffe83b0                sdk_test_rffreq_txcap
 *fill*         0x000000003ffe83b3        0xd 
 .data          0x000000003ffe83c0       0x90 ./build/sdklib/libphy.a(phy_chip_v6_cal.o)
                0x000000003ffe83c0                sdk_dpd_index
                0x000000003ffe8420                sdk_dpd_db2linear
 .data          0x000000003ffe8450        0x4 ./build/sdklib/libphy.a(phy_sleep.o)
                0x000000003ffe8450                sdk_chip_version
 .data          0x000000003ffe8454      0x11c ./build/sdklib/libphy.a(phy_chip_v5_romfunc.o)
                0x000000003ffe8454                sdk_g_phyFuns
                0x000000003ffe8458                sdk_g_phyFuns_instance
 .data          0x000000003ffe8570        0x7 ./build/sdklib/libphy.a(phy_chip_v5_cal_romfunc.o)
 *fill*         0x000000003ffe8577        0x1 
 .data          0x000000003ffe8578        0x1 ./build/sdklib/libpp.a(pm.o)
 *fill*         0x000000003ffe8579        0x3 
 .data          0x000000003ffe857c       0x10 ./build/sdklib/libpp.a(pp.o)
                0x000000003ffe857c                sdk_NoiseTimerInterval
                0x000000003ffe8584                sdk_sleep_start_wait_time
 *fill*         0x000000003ffe858c        0x4 
 .data          0x000000003ffe8590       0x40 ./build/sdklib/libpp.a(rate_control.o)
 .data          0x000000003ffe85d0      0x22c ./build/sdklib/libpp.a(trc.o)
 *fill*         0x000000003ffe87fc        0x4 
 .data          0x000000003ffe8800       0x10 ./build/sdklib/libpp.a(wdev.o)
 .data          0x000000003ffe8810       0x18 ./build/sdklib/libnet80211.a(ieee80211_crypto_ccmp.o)
                0x000000003ffe8810                sdk_ccmp
 .data          0x000000003ffe8828       0x18 ./build/sdklib/libnet80211.a(ieee80211_crypto_tkip.o)
                0x000000003ffe8828                sdk_tkip
 .data          0x000000003ffe8840       0x18 ./build/sdklib/libnet80211.a(ieee80211_crypto_wep.o)
                0x000000003ffe8840                sdk_wep
 *(.data.*)
 .data.sdk_flashchip
                0x000000003ffe8858       0x18 ./build/open_esplibs_libmain.a(spi_flash.o)
                0x000000003ffe8858                sdk_flashchip
 .data.cpu_freq
                0x000000003ffe8870        0x4 ./build/open_esplibs_libmain.a(misc.o)
 .data.sdk_dhcpc_flag
                0x000000003ffe8874        0x4 ./build/open_esplibs_libmain.a(user_interface.o)
                0x000000003ffe8874                sdk_dhcpc_flag
 .data.msgCount
                0x000000003ffe8878        0x4 ./build/program.a(paasmer_iot.o)
                0x000000003ffe8878                msgCount
 .data.feedpin  0x000000003ffe887c        0x4 ./build/program.a(paasmer_iot.o)
                0x000000003ffe887c                feedpin
 .data.feedtype
                0x000000003ffe8880        0x4 ./build/program.a(paasmer_iot.o)
                0x000000003ffe8880                feedtype
 .data.feedname
                0x000000003ffe8884        0x4 ./build/program.a(paasmer_iot.o)
                0x000000003ffe8884                feedname
 .data.pers     0x000000003ffe8888        0x4 ./build/program.a(ssl_connection.o)
                0x000000003ffe8888                pers
 .data.client_key
                0x000000003ffe888c        0x4 ./build/program.a(client_config.o)
                0x000000003ffe888c                client_key
 .data.client_cert
                0x000000003ffe8890        0x4 ./build/program.a(client_config.o)
                0x000000003ffe8890                client_cert
 .data.client_endpoint
                0x000000003ffe8894        0x4 ./build/program.a(client_config.o)
                0x000000003ffe8894                client_endpoint
 .data.ca_cert  0x000000003ffe8898        0x4 ./build/program.a(ca_cert.o)
                0x000000003ffe8898                ca_cert
 .data.ssl_preset_suiteb_curves
                0x000000003ffe889c        0xc ./build/mbedtls.a(ssl_tls.o)
 .data.ssl_preset_suiteb_hashes
                0x000000003ffe88a8        0xc ./build/mbedtls.a(ssl_tls.o)
 .data.ssl_preset_suiteb_ciphersuites
                0x000000003ffe88b4        0xc ./build/mbedtls.a(ssl_tls.o)
 .data.one$2100
                0x000000003ffe88c0        0x4 ./build/mbedtls.a(ecp_curves.o)
 .data.xNextTaskUnblockTime
                0x000000003ffe88c4        0x4 ./build/freertos.a(tasks.o)
 .data.xid$3738
                0x000000003ffe88c8        0x4 ./build/lwip.a(dhcp.o)
 .data.iss$4709
                0x000000003ffe88cc        0x4 ./build/lwip.a(tcp.o)
 .data.tcp_port
                0x000000003ffe88d0        0x2 ./build/lwip.a(tcp.o)
 .data.udp_port
                0x000000003ffe88d2        0x2 ./build/lwip.a(udp.o)
 *(.gnu.linkonce.d.*)
 *(.data1)
 *(.sdata)
 *(.sdata.*)
 *(.gnu.linkonce.s.*)
 *(.sdata2)
 *(.sdata2.*)
 *(.gnu.linkonce.s2.*)
 *(.jcr)
                0x000000003ffe88d4                _data_end = ABSOLUTE (.)

.rodata         0x000000003ffe88d8      0x7df
                0x000000003ffe88d8                _rodata_start = ABSOLUTE (.)
 *core.a:*(.rodata.* .rodata)
 .rodata        0x000000003ffe88d8       0x1c ./build/core.a(exception_vectors.o)
 .rodata.str1.4
                0x000000003ffe88f4      0x19f ./build/core.a(app_main.o)
 *fill*         0x000000003ffe8a93        0x1 
 .rodata.CSWTCH$28
                0x000000003ffe8a94       0x10 ./build/core.a(app_main.o)
 .rodata.CSWTCH$27
                0x000000003ffe8aa4       0x40 ./build/core.a(app_main.o)
 .rodata.str1.4
                0x000000003ffe8ae4      0x1cc ./build/core.a(debug_dumps.o)
 *libc.a:*.o(.rodata.* .rodata)
 .rodata        0x000000003ffe8cb0        0x4 ../../libc/xtensa-lx106-elf/lib/libc.a(lib_a-impure.o)
                0x000000003ffe8cb0                _global_impure_ptr
 .rodata.str1.1
                0x000000003ffe8cb4        0x2 ../../libc/xtensa-lx106-elf/lib/libc.a(lib_a-impure.o)
 .rodata.str1.1
                0x000000003ffe8cb6       0x21 ../../libc/xtensa-lx106-elf/lib/libc.a(lib_a-mstats.o)
 .rodata.str1.1
                0x000000003ffe8cd7       0x4b ../../libc/xtensa-lx106-elf/lib/libc.a(lib_a-nano-mallstatsr.o)
 .rodata.str1.1
                0x000000003ffe8d22       0x12 ../../libc/xtensa-lx106-elf/lib/libc.a(lib_a-nano-vfprintf_float.o)
 .rodata.str1.1
                0x000000003ffe8d34       0x22 ../../libc/xtensa-lx106-elf/lib/libc.a(lib_a-nano-vfprintf_i.o)
 .rodata.str1.1
                0x000000003ffe8d56        0x5 ../../libc/xtensa-lx106-elf/lib/libc.a(lib_a-nano-vfscanf_float.o)
 .rodata.str1.1
                0x000000003ffe8d5b        0x5 ../../libc/xtensa-lx106-elf/lib/libc.a(lib_a-puts.o)
                                          0x2 (size before relaxing)
 .rodata.str1.1
                0x000000003ffe8d5b        0x5 ../../libc/xtensa-lx106-elf/lib/libc.a(lib_a-strtod.o)
                                          0xc (size before relaxing)
 *fill*         0x000000003ffe8d5b        0x5 
 .rodata        0x000000003ffe8d60       0x70 ../../libc/xtensa-lx106-elf/lib/libc.a(lib_a-strtod.o)
 .rodata        0x000000003ffe8dd0      0x101 ../../libc/xtensa-lx106-elf/lib/libc.a(lib_a-ctype_.o)
                0x000000003ffe8dd0                _ctype_
 .rodata.str1.1
                0x000000003ffe8ed1        0xd ../../libc/xtensa-lx106-elf/lib/libc.a(lib_a-dtoa.o)
                                          0xf (size before relaxing)
 *fill*         0x000000003ffe8ede        0x2 
 .rodata        0x000000003ffe8ee0       0x60 ../../libc/xtensa-lx106-elf/lib/libc.a(lib_a-findfp.o)
                0x000000003ffe8ee0                __sf_fake_stderr
                0x000000003ffe8f00                __sf_fake_stdout
                0x000000003ffe8f20                __sf_fake_stdin
 .rodata.str1.1
                0x000000003ffe8f40        0x8 ../../libc/xtensa-lx106-elf/lib/libc.a(lib_a-locale.o)
                                          0xb (size before relaxing)
 .rodata        0x000000003ffe8f48      0x128 ../../libc/xtensa-lx106-elf/lib/libc.a(lib_a-mprec.o)
                0x000000003ffe8f58                __mprec_tinytens
                0x000000003ffe8f80                __mprec_bigtens
                0x000000003ffe8fa8                __mprec_tens
 .rodata.str1.1
                0x000000003ffe9070       0x11 ../../libc/xtensa-lx106-elf/lib/libc.a(lib_a-nano-svfprintf.o)
 .rodata.str1.1
                0x000000003ffe9081       0x11 ../../libc/xtensa-lx106-elf/lib/libc.a(lib_a-nano-vfprintf.o)
 *freertos.a:*(.rodata.* .rodata)
 *fill*         0x000000003ffe9081        0x3 
 .rodata.str1.4
                0x000000003ffe9084        0x5 ./build/freertos.a(tasks.o)
 *fill*         0x000000003ffe9089        0x3 
 .rodata.ucExpectedStackBytes$3367
                0x000000003ffe908c       0x14 ./build/freertos.a(tasks.o)
 .rodata.str1.4
                0x000000003ffe90a0        0x8 ./build/freertos.a(timers.o)
 *libmain.a:spi_flash.o(.rodata.* .rodata)
 *libpp.a:wdev.o(.rodata.* .rodata)
 .rodata.str1.4
                0x000000003ffe90a8        0xf ./build/sdklib/libpp.a(wdev.o)
                0x000000003ffe90b7                _rodata_end = ABSOLUTE (.)

.bss            0x000000003ffe90b8     0x84d0
                0x000000003ffe90b8                . = ALIGN (0x8)
                0x000000003ffe90b8                _bss_start = ABSOLUTE (.)
 *(.dynsbss)
 *(.sbss)
 *(.sbss.*)
 *(.gnu.linkonce.sb.*)
 *(.scommon)
 *(.sbss2)
 *(.sbss2.*)
 *(.gnu.linkonce.sb2.*)
 *(.dynbss)
 *(.bss)
 *fill*         0x000000003ffe90b8        0x8 
 .bss           0x000000003ffe90c0      0x228 ./build/core.a(exception_vectors.o)
                0x000000003ffe92d4                debug_saved_ctx
 .bss           0x000000003ffe92e8       0x28 ../../libc/xtensa-lx106-elf/lib/libc.a(lib_a-nano-mallinfor.o)
                0x000000003ffe92e8                __malloc_current_mallinfo
 .bss           0x000000003ffe9310        0x8 ../../libc/xtensa-lx106-elf/lib/libc.a(lib_a-nano-mallocr.o)
                0x000000003ffe9310                __malloc_sbrk_start
                0x000000003ffe9314                __malloc_free_list
 .bss           0x000000003ffe9318        0x8 ../../libc/xtensa-lx106-elf/lib/libc.a(lib_a-findfp.o)
 .bss           0x000000003ffe9320        0x4 ../../libc/xtensa-lx106-elf/lib/libc.a(lib_a-mlock.o)
 *fill*         0x000000003ffe9324        0xc 
 .bss           0x000000003ffe9330       0x40 ./build/sdklib/libmain.a(ets_timer.o)
                0x000000003ffe9338                sdk_debug_timer
                0x000000003ffe933c                sdk_debug_timerfn
 .bss           0x000000003ffe9370      0x131 ./build/sdklib/libmain.a(user_interface.o)
 *fill*         0x000000003ffe94a1        0x3 
 .bss           0x000000003ffe94a4      0x54c ./build/sdklib/libnet80211.a(ieee80211.o)
                0x000000003ffe94a4                sdk_g_ic
                0x000000003ffe99ec                sdk_xieee80211Queue
 .bss           0x000000003ffe99f0       0x28 ./build/sdklib/libnet80211.a(ieee80211_hostap.o)
                0x000000003ffe9a10                sdk_TmpSTAAPCloseAP
                0x000000003ffe9a11                sdk_PendFreeBcnEb
 .bss           0x000000003ffe9a18       0xe4 ./build/sdklib/libnet80211.a(ieee80211_scan.o)
                0x000000003ffe9a18                sdk_gScanStruct
                0x000000003ffe9adc                sdk_auth_type
                0x000000003ffe9ade                sdk_scannum
 .bss           0x000000003ffe9afc       0x44 ./build/sdklib/libnet80211.a(wl_chm.o)
 .bss           0x000000003ffe9b40      0x780 ./build/sdklib/libnet80211.a(wl_cnx.o)
                0x000000003ffea2a0                sdk_sta_con_timer
                0x000000003ffea2bc                sdk_g_cnx_probe_rc_list_cb
 .bss           0x000000003ffea2c0        0x4 ./build/sdklib/libphy.a(phy.o)
 *fill*         0x000000003ffea2c4        0xc 
 .bss           0x000000003ffea2d0      0x38b ./build/sdklib/libphy.a(phy_chip_v6.o)
                0x000000003ffea2d0                sdk_rxiq_compute_num
                0x000000003ffea2d4                sdk_rxdc_init_flag
                0x000000003ffea2d8                sdk_check_result
                0x000000003ffea2dc                sdk_chip6_sleep_params
                0x000000003ffea4b4                sdk_chip6_phy_init_ctrl
                0x000000003ffea522                sdk_phy_freq_offset
                0x000000003ffea524                sdk_do_pwctrl_flag
                0x000000003ffea525                sdk_pwctrl_debug
                0x000000003ffea526                sdk_txbk_dpdby_flag
                0x000000003ffea528                sdk_sw_scan_mode
                0x000000003ffea53c                sdk_periodic_cal_dc_num
                0x000000003ffea540                sdk_periodic_cal_flag
                0x000000003ffea541                sdk_bbpll_cal_flag
                0x000000003ffea542                sdk_deep_sleep_en
                0x000000003ffea548                sdk_noise_array
                0x000000003ffea650                sdk_tx_pwctrl_atten_init
 *fill*         0x000000003ffea65b        0x1 
 .bss           0x000000003ffea65c        0x6 ./build/sdklib/libphy.a(phy_chip_v6_cal.o)
                0x000000003ffea65c                sdk_loop_pwctrl_pwdet_error_accum_high_power
                0x000000003ffea65e                sdk_tx_pwctrl_pk_num
                0x000000003ffea65f                sdk_loop_pwctrl_correct_atten_high_power
                0x000000003ffea660                sdk_tx_pwctrl_set_chan_flag
                0x000000003ffea661                sdk_rxiq_cover_fail_num
 *fill*         0x000000003ffea662        0x2 
 .bss           0x000000003ffea664        0x4 ./build/sdklib/libphy.a(phy_sleep.o)
                0x000000003ffea664                sdk_periodic_cal_sat
                0x000000003ffea665                sdk_software_slp_reject
                0x000000003ffea666                sdk_SDIO_slp_reject
                0x000000003ffea667                sdk_hardware_reject
 *fill*         0x000000003ffea668        0x8 
 .bss           0x000000003ffea670     0x11e8 ./build/sdklib/libpp.a(esf_buf.o)
 *fill*         0x000000003ffeb858        0x8 
 .bss           0x000000003ffeb860       0x30 ./build/sdklib/libpp.a(if_hwctrl.o)
                0x000000003ffeb860                sdk_interface_mask
                0x000000003ffeb870                sdk_if_ctrl
 .bss           0x000000003ffeb890      0x150 ./build/sdklib/libpp.a(lmac.o)
                0x000000003ffeb894                sdk_lmacConfMib
 .bss           0x000000003ffeb9e0      0x149 ./build/sdklib/libpp.a(pm.o)
 *fill*         0x000000003ffebb29        0x7 
 .bss           0x000000003ffebb30      0x352 ./build/sdklib/libpp.a(pp.o)
                0x000000003ffebb58                sdk_pend_flag_noise_check
                0x000000003ffebb60                sdk_pend_flag_periodic_cal
                0x000000003ffebb84                sdk_dbg_stop_sw_wdt
                0x000000003ffebb85                sdk_dbg_stop_hw_wdt
 *fill*         0x000000003ffebe82        0xe 
 .bss           0x000000003ffebe90      0x100 ./build/sdklib/libpp.a(rate_control.o)
 .bss           0x000000003ffebf90      0x268 ./build/sdklib/libpp.a(trc.o)
 *fill*         0x000000003ffec1f8        0x8 
 .bss           0x000000003ffec200     0x4721 ./build/sdklib/libpp.a(wdev.o)
                0x000000003ffec200                sdk_wDevCtrl
                0x000000003ffec3a4                sdk_NMIIrqIsOn
                0x000000003ffec3a8                sdk_WdevTimOffSet
 *fill*         0x000000003fff0921        0xf 
 .bss           0x000000003fff0930      0x27a ./build/sdklib/libwpa.a(wpa.o)
 *fill*         0x000000003fff0baa        0x6 
 .bss           0x000000003fff0bb0       0xb0 ./build/sdklib/libwpa.a(aes-internal-dec.o)
 .bss           0x000000003fff0c60        0x8 ./build/sdklib/libnet80211.a(ieee80211_crypto_tkip.o)
 *(.bss.*)
 .bss._sysparam_info
                0x000000003fff0c68       0x18 ./build/core.a(sysparam.o)
 .bss.armed_timer_count
                0x000000003fff0c80        0x1 ./build/open_esplibs_libmain.a(timers.o)
 *fill*         0x000000003fff0c81        0x3 
 .bss.timer_list
                0x000000003fff0c84        0x4 ./build/open_esplibs_libmain.a(timers.o)
 .bss.my_id$7081
                0x000000003fff0c88        0xd ./build/program.a(paasmer_iot.o)
 .bss.my_id_done$7082
                0x000000003fff0c95        0x1 ./build/program.a(paasmer_iot.o)
 *fill*         0x000000003fff0c96        0x2 
 .bss.mac_id$7120
                0x000000003fff0c98        0xd ./build/program.a(paasmer_iot.o)
 *fill*         0x000000003fff0ca5        0x3 
 .bss.hptr      0x000000003fff0ca8        0x4 ./build/program.a(paasmer_iot.o)
                0x000000003fff0ca8                hptr
 .bss.publish_queue
                0x000000003fff0cac        0x4 ./build/program.a(paasmer_iot.o)
 .bss.ssl_conn  0x000000003fff0cb0        0x4 ./build/program.a(paasmer_iot.o)
 .bss.ssl_reset
                0x000000003fff0cb4        0x4 ./build/program.a(paasmer_iot.o)
 .bss.wifi_alive
                0x000000003fff0cb8        0x4 ./build/program.a(paasmer_iot.o)
 .bss.bufptr    0x000000003fff0cbc        0x4 ./build/paho_mqtt_c.a(MQTTPacket.o)
 .bss.init_done$3303
                0x000000003fff0cc0        0x4 ./build/mbedtls.a(ecp.o)
 .bss.ecp_supported_grp_id
                0x000000003fff0cc4        0xc ./build/mbedtls.a(ecp.o)
 .bss.uxTaskNumber
                0x000000003fff0cd0        0x4 ./build/freertos.a(tasks.o)
 .bss.xNumOfOverflows
                0x000000003fff0cd4        0x4 ./build/freertos.a(tasks.o)
 .bss.xYieldPending
                0x000000003fff0cd8        0x4 ./build/freertos.a(tasks.o)
 .bss.uxPendedTicks
                0x000000003fff0cdc        0x4 ./build/freertos.a(tasks.o)
 .bss.uxSchedulerSuspended
                0x000000003fff0ce0        0x4 ./build/freertos.a(tasks.o)
 .bss.xSchedulerRunning
                0x000000003fff0ce4        0x4 ./build/freertos.a(tasks.o)
 .bss.uxTopReadyPriority
                0x000000003fff0ce8        0x4 ./build/freertos.a(tasks.o)
 .bss.xTickCount
                0x000000003fff0cec        0x4 ./build/freertos.a(tasks.o)
 .bss.uxCurrentNumberOfTasks
                0x000000003fff0cf0        0x4 ./build/freertos.a(tasks.o)
 .bss.xIdleTaskHandle
                0x000000003fff0cf4        0x4 ./build/freertos.a(tasks.o)
 .bss.xSuspendedTaskList
                0x000000003fff0cf8       0x14 ./build/freertos.a(tasks.o)
 .bss.uxTasksDeleted
                0x000000003fff0d0c        0x4 ./build/freertos.a(tasks.o)
 .bss.xTasksWaitingTermination
                0x000000003fff0d10       0x14 ./build/freertos.a(tasks.o)
 .bss.xPendingReadyList
                0x000000003fff0d24       0x14 ./build/freertos.a(tasks.o)
 .bss.pxOverflowDelayedTaskList
                0x000000003fff0d38        0x4 ./build/freertos.a(tasks.o)
 .bss.pxDelayedTaskList
                0x000000003fff0d3c        0x4 ./build/freertos.a(tasks.o)
 .bss.xDelayedTaskList2
                0x000000003fff0d40       0x14 ./build/freertos.a(tasks.o)
 .bss.xDelayedTaskList1
                0x000000003fff0d54       0x14 ./build/freertos.a(tasks.o)
 .bss.pxReadyTasksLists
                0x000000003fff0d68      0x12c ./build/freertos.a(tasks.o)
 .bss.pxCurrentTCB
                0x000000003fff0e94        0x4 ./build/freertos.a(tasks.o)
                0x000000003fff0e94                pxCurrentTCB
 .bss.xLastTime$3234
                0x000000003fff0e98        0x4 ./build/freertos.a(timers.o)
 .bss.xTimerTaskHandle
                0x000000003fff0e9c        0x4 ./build/freertos.a(timers.o)
 .bss.xTimerQueue
                0x000000003fff0ea0        0x4 ./build/freertos.a(timers.o)
 .bss.pxOverflowTimerList
                0x000000003fff0ea4        0x4 ./build/freertos.a(timers.o)
 .bss.pxCurrentTimerList
                0x000000003fff0ea8        0x4 ./build/freertos.a(timers.o)
 .bss.xActiveTimerList2
                0x000000003fff0eac       0x14 ./build/freertos.a(timers.o)
 .bss.xActiveTimerList1
                0x000000003fff0ec0       0x14 ./build/freertos.a(timers.o)
 .bss.uxCriticalNesting
                0x000000003fff0ed4        0x4 ./build/freertos.a(port.o)
 .bss.pending_maclayer_sv
                0x000000003fff0ed8        0x4 ./build/freertos.a(port.o)
 .bss.pending_soft_sv
                0x000000003fff0edc        0x4 ./build/freertos.a(port.o)
 .bss.mbox      0x000000003fff0ee0        0x4 ./build/lwip.a(tcpip.o)
 .bss.tcpip_init_done_arg
                0x000000003fff0ee4        0x4 ./build/lwip.a(tcpip.o)
 .bss.tcpip_init_done
                0x000000003fff0ee8        0x4 ./build/lwip.a(tcpip.o)
 .bss.select_cb_ctr
                0x000000003fff0eec        0x4 ./build/lwip.a(sockets.o)
 .bss.select_cb_list
                0x000000003fff0ef0        0x4 ./build/lwip.a(sockets.o)
 .bss.sockets   0x000000003fff0ef4       0x60 ./build/lwip.a(sockets.o)
 .bss.tcp_timer_ctr
                0x000000003fff0f54        0x1 ./build/lwip.a(tcp.o)
 .bss.tcp_timer
                0x000000003fff0f55        0x1 ./build/lwip.a(tcp.o)
 *fill*         0x000000003fff0f56        0x2 
 .bss.dns_payload
                0x000000003fff0f58        0x4 ./build/lwip.a(dns.o)
 .bss.dns_payload_buffer
                0x000000003fff0f5c      0x203 ./build/lwip.a(dns.o)
 *fill*         0x000000003fff115f        0x1 
 .bss.dns_servers
                0x000000003fff1160        0x8 ./build/lwip.a(dns.o)
 .bss.dns_table
                0x000000003fff1168       0x98 ./build/lwip.a(dns.o)
 .bss.dns_seqno
                0x000000003fff1200        0x1 ./build/lwip.a(dns.o)
 *fill*         0x000000003fff1201        0x3 
 .bss.dns_pcb   0x000000003fff1204        0x4 ./build/lwip.a(dns.o)
 .bss.netif_num
                0x000000003fff1208        0x1 ./build/lwip.a(netif.o)
 *fill*         0x000000003fff1209        0x3 
 .bss.tcpip_tcp_timer_active
                0x000000003fff120c        0x4 ./build/lwip.a(timers.o)
 .bss.next_timeout
                0x000000003fff1210        0x4 ./build/lwip.a(timers.o)
 .bss.ip_id     0x000000003fff1214        0x2 ./build/lwip.a(ip.o)
 .bss.etharp_cached_entry
                0x000000003fff1216        0x1 ./build/lwip.a(etharp.o)
 *fill*         0x000000003fff1217        0x1 
 .bss.arp_table
                0x000000003fff1218       0xc8 ./build/lwip.a(etharp.o)
 .bss.raw_pcbs  0x000000003fff12e0        0x4 ./build/lwip.a(raw.o)
 .bss.recv_data
                0x000000003fff12e4        0x4 ./build/lwip.a(tcp_in.o)
 .bss.recv_flags
                0x000000003fff12e8        0x1 ./build/lwip.a(tcp_in.o)
 *fill*         0x000000003fff12e9        0x1 
 .bss.tcplen    0x000000003fff12ea        0x2 ./build/lwip.a(tcp_in.o)
 .bss.flags     0x000000003fff12ec        0x1 ./build/lwip.a(tcp_in.o)
 *fill*         0x000000003fff12ed        0x3 
 .bss.ackno     0x000000003fff12f0        0x4 ./build/lwip.a(tcp_in.o)
 .bss.seqno     0x000000003fff12f4        0x4 ./build/lwip.a(tcp_in.o)
 .bss.iphdr     0x000000003fff12f8        0x4 ./build/lwip.a(tcp_in.o)
 .bss.tcphdr    0x000000003fff12fc        0x4 ./build/lwip.a(tcp_in.o)
 .bss.inseg     0x000000003fff1300       0x10 ./build/lwip.a(tcp_in.o)
 .bss.heap_end$2134
                0x000000003fff1310        0x4 ./build/core.a(newlib_syscalls.o)
 *(.gnu.linkonce.b.*)
 *(COMMON)
 COMMON         0x000000003fff1314       0x41 ./build/core.a(esp_interrupts.o)
                0x000000003fff1314                isr
                0x000000003fff1354                esp_in_isr
 *fill*         0x000000003fff1355        0x3 
 COMMON         0x000000003fff1358       0x2d ./build/core.a(app_main.o)
                0x000000003fff1358                sdk_info
                0x000000003fff137c                sdk_xWatchDogTaskHandle
                0x000000003fff1380                sdk_xUserTaskHandle
                0x000000003fff1384                sdk_user_init_flag
 *fill*         0x000000003fff1385        0x3 
 COMMON         0x000000003fff1388        0x4 ./build/open_esplibs_libmain.a(misc.o)
                0x000000003fff1388                sdk__putc1
 COMMON         0x000000003fff138c       0x28 ./build/open_esplibs_libmain.a(user_interface.o)
                0x000000003fff138c                sdk_cpu_overclock
                0x000000003fff1390                sdk_rst_if
                0x000000003fff13b0                sdk_promiscuous_cb
 COMMON         0x000000003fff13b4       0x96 ./build/program.a(paasmer_iot.o)
                0x000000003fff13b4                SUB_TOPIC
                0x000000003fff1418                PUB_TOPIC
 *fill*         0x000000003fff144a        0x2 
 COMMON         0x000000003fff144c        0xc ./build/freertos.a(port.o)
                0x000000003fff144c                level1_int_disabled
                0x000000003fff1450                cpu_sr
                0x000000003fff1454                xPortSupervisorStackPointer
 COMMON         0x000000003fff1458       0x34 ./build/lwip.a(dhcp.o)
                0x000000003fff1458                dhcp_rx_options_given
                0x000000003fff1464                dhcp_rx_options_val
 COMMON         0x000000003fff148c       0x1c ./build/lwip.a(tcp.o)
                0x000000003fff148c                tcp_active_pcbs_changed
                0x000000003fff1490                tcp_active_pcbs
                0x000000003fff1494                tcp_ticks
                0x000000003fff1498                tcp_listen_pcbs
                0x000000003fff149c                tcp_tmp_pcb
                0x000000003fff14a0                tcp_bound_pcbs
                0x000000003fff14a4                tcp_tw_pcbs
 COMMON         0x000000003fff14a8       0xba ./build/lwip.a(stats.o)
                0x000000003fff14a8                lwip_stats
 *fill*         0x000000003fff1562        0x2 
 COMMON         0x000000003fff1564        0x8 ./build/lwip.a(netif.o)
                0x000000003fff1564                netif_list
                0x000000003fff1568                netif_default
 COMMON         0x000000003fff156c        0x4 ./build/lwip.a(udp.o)
                0x000000003fff156c                udp_pcbs
 COMMON         0x000000003fff1570       0x10 ./build/lwip.a(ip.o)
                0x000000003fff1570                current_iphdr_src
                0x000000003fff1574                current_netif
                0x000000003fff1578                current_iphdr_dest
                0x000000003fff157c                current_header
 COMMON         0x000000003fff1580        0x4 ./build/lwip.a(tcp_in.o)
                0x000000003fff1580                tcp_input_pcb
                0x000000003fff1588                . = ALIGN (0x8)
 *fill*         0x000000003fff1584        0x4 
                0x000000003fff1588                _bss_end = ABSOLUTE (.)
                0x000000003fff1588                _heap_start = ABSOLUTE (.)

.irom0.text     0x0000000040202010    0x4eee8
                0x0000000040202010                _irom0_text_start = ABSOLUTE (.)
 *(.literal .text .literal.* .text.* .rodata .rodata.*)
 .text.dump_flash_sector
                0x0000000040202010       0xb0 ./build/core.a(app_main.o)
                                         0xbc (size before relaxing)
 .text.dump_flash_config_sectors
                0x00000000402020c0       0x65 ./build/core.a(app_main.o)
                                         0xa5 (size before relaxing)
 *fill*         0x0000000040202125        0x3 
 .text.sdk_user_init_task
                0x0000000040202128       0xdb ./build/core.a(app_main.o)
                                        0x143 (size before relaxing)
                0x0000000040202150                sdk_user_init_task
 *fill*         0x0000000040202203        0x1 
 .text.sdk_wdt_init
                0x0000000040202204       0x77 ./build/core.a(app_main.o)
                                         0x7b (size before relaxing)
                0x000000004020220c                sdk_wdt_init
 *fill*         0x000000004020227b        0x1 
 .text.user_start_phase2
                0x000000004020227c      0x372 ./build/core.a(app_main.o)
                                        0x442 (size before relaxing)
 *fill*         0x00000000402025ee        0x2 
 .text._find_entry
                0x00000000402025f0      0x11b ./build/core.a(sysparam.o)
                                        0x11f (size before relaxing)
 *fill*         0x000000004020270b        0x1 
 .text._format_region
                0x000000004020270c       0x51 ./build/core.a(sysparam.o)
                                         0x55 (size before relaxing)
 *fill*         0x000000004020275d        0x3 
 .text.sysparam_init
                0x0000000040202760      0x1cc ./build/core.a(sysparam.o)
                                        0x1fc (size before relaxing)
                0x0000000040202770                sysparam_init
 .text.sysparam_create_area
                0x000000004020292c      0x196 ./build/core.a(sysparam.o)
                                        0x1da (size before relaxing)
                0x000000004020292c                sysparam_create_area
 *fill*         0x0000000040202ac2        0x2 
 .text.get_sdk_default_phy_info
                0x0000000040202ac4       0x1c ./build/core.a(phy_info.o)
                                         0x20 (size before relaxing)
                0x0000000040202ac8                get_default_phy_info
                0x0000000040202ac8                get_sdk_default_phy_info
 .text.read_saved_phy_info
                0x0000000040202ae0       0x24 ./build/core.a(phy_info.o)
                                         0x2c (size before relaxing)
                0x0000000040202ae0                read_saved_phy_info
 .text.hwrand   0x0000000040202b04       0x12 ./build/core.a(esp_hwrand.o)
                0x0000000040202b08                hwrand
 *fill*         0x0000000040202b16        0x2 
 .text.hwrand_fill
                0x0000000040202b18       0x4c ./build/core.a(esp_hwrand.o)
                                         0x54 (size before relaxing)
                0x0000000040202b18                hwrand_fill
 .text.dump_excinfo
                0x0000000040202b64       0xf7 ./build/core.a(debug_dumps.o)
                                        0x11b (size before relaxing)
 *fill*         0x0000000040202c5b        0x1 
 .text.post_crash_reset
                0x0000000040202c5c       0x30 ./build/core.a(debug_dumps.o)
                                         0x38 (size before relaxing)
 .text.second_fatal_exception_handler_inner
                0x0000000040202c8c       0x15 ./build/core.a(debug_dumps.o)
                                         0x2b (size before relaxing)
 *fill*         0x0000000040202ca1        0x3 
 .text.dump_stack
                0x0000000040202ca4       0x7d ./build/core.a(debug_dumps.o)
                                         0x85 (size before relaxing)
                0x0000000040202cb4                dump_stack
 *fill*         0x0000000040202d21        0x3 
 .text.dump_registers_in_exception_handler
                0x0000000040202d24       0xac ./build/core.a(debug_dumps.o)
                                         0xc8 (size before relaxing)
                0x0000000040202d38                dump_registers_in_exception_handler
 .text.dump_heapinfo
                0x0000000040202dd0       0x80 ./build/core.a(debug_dumps.o)
                                         0x9c (size before relaxing)
                0x0000000040202de4                dump_heapinfo
 .text.standard_fatal_exception_handler_inner
                0x0000000040202e50       0x37 ./build/core.a(debug_dumps.o)
                                         0x58 (size before relaxing)
 *fill*         0x0000000040202e87        0x1 
 .text.abort_handler_inner
                0x0000000040202e88       0x26 ./build/core.a(debug_dumps.o)
                                         0x3e (size before relaxing)
 *fill*         0x0000000040202eae        0x2 
 .text.sdk_os_update_cpu_frequency
                0x0000000040202eb0        0xb ./build/open_esplibs_libmain.a(misc.o)
                0x0000000040202eb4                sdk_os_update_cpu_frequency
                0x0000000040202eb4                sdk_ets_update_cpu_frequency
 *fill*         0x0000000040202ebb        0x1 
 .text.sdk_os_delay_us
                0x0000000040202ebc       0x33 ./build/open_esplibs_libmain.a(misc.o)
                                         0x3f (size before relaxing)
                0x0000000040202ebc                sdk_os_delay_us
                0x0000000040202ebc                sdk_ets_delay_us
 *fill*         0x0000000040202eef        0x1 
 .text.sdk_os_install_putc1
                0x0000000040202ef0        0xb ./build/open_esplibs_libmain.a(misc.o)
                0x0000000040202ef4                sdk_os_install_putc1
 *fill*         0x0000000040202efb        0x1 
 .text.sdk_gpio_output_set
                0x0000000040202efc       0x1d ./build/open_esplibs_libmain.a(misc.o)
                0x0000000040202f00                sdk_gpio_output_set
 *fill*         0x0000000040202f19        0x3 
 .text.sdk_rtc_get_reset_reason
                0x0000000040202f1c       0x4a ./build/open_esplibs_libmain.a(misc.o)
                0x0000000040202f24                sdk_rtc_get_reset_reason
 *fill*         0x0000000040202f66        0x2 
 .text._check_boot_version
                0x0000000040202f68       0x36 ./build/open_esplibs_libmain.a(user_interface.o)
                                         0x3e (size before relaxing)
 *fill*         0x0000000040202f9e        0x2 
 .text.sdk_system_pp_recycle_rx_pkt
                0x0000000040202fa0        0xf ./build/open_esplibs_libmain.a(user_interface.o)
                                         0x17 (size before relaxing)
                0x0000000040202fa0                sdk_system_pp_recycle_rx_pkt
 *fill*         0x0000000040202faf        0x1 
 .text.sdk_system_restart
                0x0000000040202fb0       0x4f ./build/open_esplibs_libmain.a(user_interface.o)
                                         0x7b (size before relaxing)
                0x0000000040202fb8                sdk_system_restart
 *fill*         0x0000000040202fff        0x1 
 .text.sdk_system_get_boot_version
                0x0000000040203000        0xe ./build/open_esplibs_libmain.a(user_interface.o)
                                         0x12 (size before relaxing)
                0x0000000040203000                sdk_system_get_boot_version
 *fill*         0x000000004020300e        0x2 
 .text.sdk_system_get_test_result
                0x0000000040203010       0x22 ./build/open_esplibs_libmain.a(user_interface.o)
                                         0x2e (size before relaxing)
                0x0000000040203010                sdk_system_get_test_result
 *fill*         0x0000000040203032        0x2 
 .text.sdk_system_upgrade_userbin_check
                0x0000000040203034       0x40 ./build/open_esplibs_libmain.a(user_interface.o)
                                         0x44 (size before relaxing)
                0x0000000040203034                sdk_system_upgrade_userbin_check
 .text.sdk_system_get_userbin_addr
                0x0000000040203074       0x92 ./build/open_esplibs_libmain.a(user_interface.o)
                                         0x9e (size before relaxing)
                0x0000000040203080                sdk_system_get_userbin_addr
 *fill*         0x0000000040203106        0x2 
 .text.sdk_system_update_cpu_freq
                0x0000000040203108       0x5d ./build/open_esplibs_libmain.a(user_interface.o)
                                         0x69 (size before relaxing)
                0x0000000040203108                sdk_system_update_cpu_freq
 *fill*         0x0000000040203165        0x3 
 .text.sdk_system_get_cpu_freq
                0x0000000040203168       0x1a ./build/open_esplibs_libmain.a(user_interface.o)
                0x000000004020316c                sdk_system_get_cpu_freq
 *fill*         0x0000000040203182        0x2 
 .text.sdk_system_overclock
                0x0000000040203184       0x31 ./build/open_esplibs_libmain.a(user_interface.o)
                                         0x3d (size before relaxing)
                0x0000000040203188                sdk_system_overclock
 *fill*         0x00000000402031b5        0x3 
 .text.sdk_system_restoreclock
                0x00000000402031b8       0x33 ./build/open_esplibs_libmain.a(user_interface.o)
                                         0x43 (size before relaxing)
                0x00000000402031b8                sdk_system_restoreclock
 *fill*         0x00000000402031eb        0x1 
 .text.sdk_system_station_got_ip_set
                0x00000000402031ec       0x8d ./build/open_esplibs_libmain.a(user_interface.o)
                                         0xa9 (size before relaxing)
                0x00000000402031f4                sdk_system_station_got_ip_set
 *fill*         0x0000000040203279        0x3 
 .text.timer_tramp
                0x000000004020327c       0x17 ./build/open_esplibs_libmain.a(timers.o)
                                         0x1f (size before relaxing)
 *fill*         0x0000000040203293        0x1 
 .text.sdk_os_timer_setfn
                0x0000000040203294       0xac ./build/open_esplibs_libmain.a(timers.o)
                                         0xb8 (size before relaxing)
                0x00000000402032a4                sdk_os_timer_setfn
 .text.sdk_os_timer_arm
                0x0000000040203340       0xa8 ./build/open_esplibs_libmain.a(timers.o)
                                         0xd4 (size before relaxing)
                0x0000000040203348                sdk_os_timer_arm
 .text.sdk_os_timer_disarm
                0x00000000402033e8       0x27 ./build/open_esplibs_libmain.a(timers.o)
                                         0x37 (size before relaxing)
                0x00000000402033ec                sdk_os_timer_disarm
 *fill*         0x000000004020340f        0x1 
 .literal       0x0000000040203410        0x8 /opt/esp-open-sdk/xtensa-lx106-elf/lib/gcc/xtensa-lx106-elf/4.8.5/libgcc.a(_divsf3.o)
                                         0x10 (size before relaxing)
 .literal       0x0000000040203418        0xc /opt/esp-open-sdk/xtensa-lx106-elf/lib/gcc/xtensa-lx106-elf/4.8.5/libgcc.a(_muldf3.o)
                                         0x10 (size before relaxing)
 .literal       0x0000000040203424        0x4 /opt/esp-open-sdk/xtensa-lx106-elf/lib/gcc/xtensa-lx106-elf/4.8.5/libgcc.a(_extendsfdf2.o)
                                          0x8 (size before relaxing)
 .literal       0x0000000040203428        0xc ../../libc/xtensa-lx106-elf/lib/libc.a(lib_a-mstats.o)
                                         0x2c (size before relaxing)
 .literal       0x0000000040203434       0x18 ../../libc/xtensa-lx106-elf/lib/libc.a(lib_a-nano-mallinfor.o)
                                         0x1c (size before relaxing)
 .literal       0x000000004020344c        0xc ../../libc/xtensa-lx106-elf/lib/libc.a(lib_a-nano-mallstatsr.o)
                                         0x24 (size before relaxing)
 .literal       0x0000000040203458       0x24 ../../libc/xtensa-lx106-elf/lib/libc.a(lib_a-nano-vfprintf_float.o)
                                         0x5c (size before relaxing)
 .literal       0x000000004020347c        0x8 ../../libc/xtensa-lx106-elf/lib/libc.a(lib_a-nano-vfprintf_i.o)
                                         0x14 (size before relaxing)
 .literal       0x0000000040203484        0x8 ../../libc/xtensa-lx106-elf/lib/libc.a(lib_a-nano-vfscanf_float.o)
                                         0x1c (size before relaxing)
 .literal       0x000000004020348c        0x0 ../../libc/xtensa-lx106-elf/lib/libc.a(lib_a-putchar.o)
                                         0x14 (size before relaxing)
 .literal       0x000000004020348c       0x14 ../../libc/xtensa-lx106-elf/lib/libc.a(lib_a-putc.o)
                                         0x20 (size before relaxing)
 .literal       0x00000000402034a0        0xc ../../libc/xtensa-lx106-elf/lib/libc.a(lib_a-puts.o)
                                         0x24 (size before relaxing)
 .literal       0x00000000402034ac        0x0 ../../libc/xtensa-lx106-elf/lib/libc.a(lib_a-setbuf.o)
                                          0x4 (size before relaxing)
 .literal       0x00000000402034ac        0x8 ../../libc/xtensa-lx106-elf/lib/libc.a(lib_a-setvbuf.o)
                                         0x30 (size before relaxing)
 .literal       0x00000000402034b4        0x4 ../../libc/xtensa-lx106-elf/lib/libc.a(lib_a-sf_nan.o)
 .literal       0x00000000402034b8       0x14 ../../libc/xtensa-lx106-elf/lib/libc.a(lib_a-s_fpclassify.o)
                                         0x18 (size before relaxing)
 .literal       0x00000000402034cc       0x18 ../../libc/xtensa-lx106-elf/lib/libc.a(lib_a-strcmp.o)
                                         0x20 (size before relaxing)
 .literal       0x00000000402034e4        0x0 ../../libc/xtensa-lx106-elf/lib/libc.a(lib_a-strlen.o)
                                          0xc (size before relaxing)
 .literal       0x00000000402034e4       0x84 ../../libc/xtensa-lx106-elf/lib/libc.a(lib_a-strtod.o)
                                        0x1f8 (size before relaxing)
 .literal.unlikely
                0x0000000040203568        0x0 ../../libc/xtensa-lx106-elf/lib/libc.a(lib_a-strtod.o)
                                          0xc (size before relaxing)
 .literal       0x0000000040203568        0x4 ../../libc/xtensa-lx106-elf/lib/libc.a(lib_a-strtol.o)
                                         0x18 (size before relaxing)
 .literal       0x000000004020356c        0x0 ../../libc/xtensa-lx106-elf/lib/libc.a(lib_a-syssbrk.o)
                                          0x8 (size before relaxing)
 .literal       0x000000004020356c        0x0 ../../libc/xtensa-lx106-elf/lib/libc.a(lib_a-wbuf.o)
                                         0x28 (size before relaxing)
 .literal       0x000000004020356c        0x0 ../../libc/xtensa-lx106-elf/lib/libc.a(lib_a-wsetup.o)
                                         0x1c (size before relaxing)
 .literal       0x000000004020356c       0x44 ../../libc/xtensa-lx106-elf/lib/libc.a(lib_a-dtoa.o)
                                        0x214 (size before relaxing)
 .literal       0x00000000402035b0       0x10 ../../libc/xtensa-lx106-elf/lib/libc.a(lib_a-fflush.o)
                                         0x38 (size before relaxing)
 .literal       0x00000000402035c0        0xc ../../libc/xtensa-lx106-elf/lib/libc.a(lib_a-fvwrite.o)
                                         0x40 (size before relaxing)
 .literal       0x00000000402035cc        0x0 ../../libc/xtensa-lx106-elf/lib/libc.a(lib_a-gdtoa-gethex.o)
                                         0x48 (size before relaxing)
 .literal       0x00000000402035cc        0x0 ../../libc/xtensa-lx106-elf/lib/libc.a(lib_a-gdtoa-hexnan.o)
                                          0x4 (size before relaxing)
 .literal       0x00000000402035cc       0x1c ../../libc/xtensa-lx106-elf/lib/libc.a(lib_a-locale.o)
                                         0x30 (size before relaxing)
 .literal       0x00000000402035e8        0xc ../../libc/xtensa-lx106-elf/lib/libc.a(lib_a-makebuf.o)
                                         0x20 (size before relaxing)
 .literal       0x00000000402035f4       0x18 ../../libc/xtensa-lx106-elf/lib/libc.a(lib_a-mprec.o)
                                         0x74 (size before relaxing)
 .literal       0x000000004020360c        0x0 ../../libc/xtensa-lx106-elf/lib/libc.a(lib_a-nano-callocr.o)
                                          0x8 (size before relaxing)
 .literal       0x000000004020360c        0x0 ../../libc/xtensa-lx106-elf/lib/libc.a(lib_a-nano-reallocr.o)
                                         0x18 (size before relaxing)
 .literal       0x000000004020360c        0x4 ../../libc/xtensa-lx106-elf/lib/libc.a(lib_a-stdio.o)
                                         0x24 (size before relaxing)
 .literal       0x0000000040203610        0x0 ../../libc/xtensa-lx106-elf/lib/libc.a(isatty.o)
                                          0x8 (size before relaxing)
 .literal       0x0000000040203610        0xc ../../libc/xtensa-lx106-elf/lib/libc.a(lib_a-fclose.o)
                                         0x3c (size before relaxing)
 .literal       0x000000004020361c        0x4 ../../libc/xtensa-lx106-elf/lib/libc.a(lib_a-wcrtomb.o)
                                         0x10 (size before relaxing)
 .literal       0x0000000040203620        0x0 ../../libc/xtensa-lx106-elf/lib/libc.a(lib_a-wctomb_r.o)
                                          0x8 (size before relaxing)
 .literal       0x0000000040203620        0x0 /opt/esp-open-sdk/xtensa-lx106-elf/lib/gcc/xtensa-lx106-elf/4.8.5/libgcc.a(_addsubsf3.o)
                                          0xc (size before relaxing)
 .literal       0x0000000040203620        0x0 /opt/esp-open-sdk/xtensa-lx106-elf/lib/gcc/xtensa-lx106-elf/4.8.5/libgcc.a(_mulsf3.o)
                                         0x10 (size before relaxing)
 .literal       0x0000000040203620        0x0 /opt/esp-open-sdk/xtensa-lx106-elf/lib/gcc/xtensa-lx106-elf/4.8.5/libgcc.a(_fixsfsi.o)
                                          0x4 (size before relaxing)
 .literal       0x0000000040203620        0x0 /opt/esp-open-sdk/xtensa-lx106-elf/lib/gcc/xtensa-lx106-elf/4.8.5/libgcc.a(_fixunssfsi.o)
                                          0x4 (size before relaxing)
 .literal       0x0000000040203620        0x0 /opt/esp-open-sdk/xtensa-lx106-elf/lib/gcc/xtensa-lx106-elf/4.8.5/libgcc.a(_addsubdf3.o)
                                          0xc (size before relaxing)
 .literal       0x0000000040203620        0x0 /opt/esp-open-sdk/xtensa-lx106-elf/lib/gcc/xtensa-lx106-elf/4.8.5/libgcc.a(_divdf3.o)
                                         0x10 (size before relaxing)
 .literal       0x0000000040203620        0x0 /opt/esp-open-sdk/xtensa-lx106-elf/lib/gcc/xtensa-lx106-elf/4.8.5/libgcc.a(_cmpdf2.o)
                                         0x18 (size before relaxing)
 .literal       0x0000000040203620        0x0 /opt/esp-open-sdk/xtensa-lx106-elf/lib/gcc/xtensa-lx106-elf/4.8.5/libgcc.a(_fixdfsi.o)
                                          0x4 (size before relaxing)
 .literal       0x0000000040203620        0x0 /opt/esp-open-sdk/xtensa-lx106-elf/lib/gcc/xtensa-lx106-elf/4.8.5/libgcc.a(_fixunsdfsi.o)
                                          0x4 (size before relaxing)
 .literal       0x0000000040203620        0x0 /opt/esp-open-sdk/xtensa-lx106-elf/lib/gcc/xtensa-lx106-elf/4.8.5/libgcc.a(_truncdfsf2.o)
                                          0x8 (size before relaxing)
 .literal       0x0000000040203620        0x4 /opt/esp-open-sdk/xtensa-lx106-elf/lib/gcc/xtensa-lx106-elf/4.8.5/libgcc.a(_popcountsi2.o)
 .literal       0x0000000040203624        0x0 ../../libc/xtensa-lx106-elf/lib/libc.a(lib_a-atoi.o)
                                          0x8 (size before relaxing)
 .literal       0x0000000040203624        0x0 ../../libc/xtensa-lx106-elf/lib/libc.a(lib_a-calloc.o)
                                          0x8 (size before relaxing)
 .literal       0x0000000040203624        0x0 ../../libc/xtensa-lx106-elf/lib/libc.a(lib_a-errno.o)
                                          0x4 (size before relaxing)
 .literal       0x0000000040203624        0x0 ../../libc/xtensa-lx106-elf/lib/libc.a(lib_a-strcpy.o)
                                          0xc (size before relaxing)
 .literal       0x0000000040203624        0x0 ../../libc/xtensa-lx106-elf/lib/libc.a(lib_a-strncpy.o)
                                          0xc (size before relaxing)
 .literal       0x0000000040203624        0x0 ../../libc/xtensa-lx106-elf/lib/libc.a(lib_a-strrchr.o)
                                          0x8 (size before relaxing)
 .text          0x0000000040203624      0x135 /opt/esp-open-sdk/xtensa-lx106-elf/lib/gcc/xtensa-lx106-elf/4.8.5/libgcc.a(_divsf3.o)
                0x00000000402036a0                __divsf3
 *fill*         0x0000000040203759        0x3 
 .text          0x000000004020375c      0x29b /opt/esp-open-sdk/xtensa-lx106-elf/lib/gcc/xtensa-lx106-elf/4.8.5/libgcc.a(_muldf3.o)
                0x000000004020383c                __muldf3
 *fill*         0x00000000402039f7        0x1 
 .text          0x00000000402039f8       0x5e /opt/esp-open-sdk/xtensa-lx106-elf/lib/gcc/xtensa-lx106-elf/4.8.5/libgcc.a(_extendsfdf2.o)
                0x00000000402039f8                __extendsfdf2
 *fill*         0x0000000040203a56        0x2 
 .text          0x0000000040203a58       0xab ../../libc/xtensa-lx106-elf/lib/libc.a(lib_a-mstats.o)
                0x0000000040203a58                mallinfo
                0x0000000040203a78                malloc_stats
                0x0000000040203a90                mallopt
                0x0000000040203ab0                _mstats_r
                0x0000000040203aec                mstats
 *fill*         0x0000000040203b03        0x1 
 .text          0x0000000040203b04       0x7f ../../libc/xtensa-lx106-elf/lib/libc.a(lib_a-nano-mallinfor.o)
                0x0000000040203b04                _mallinfo_r
 *fill*         0x0000000040203b83        0x1 
 .text          0x0000000040203b84       0x4f ../../libc/xtensa-lx106-elf/lib/libc.a(lib_a-nano-mallstatsr.o)
                                         0x53 (size before relaxing)
                0x0000000040203b84                _malloc_stats_r
 *fill*         0x0000000040203bd3        0x1 
 .text          0x0000000040203bd4      0x694 ../../libc/xtensa-lx106-elf/lib/libc.a(lib_a-nano-vfprintf_float.o)
                                        0x6b0 (size before relaxing)
                0x0000000040203bd4                __cvt
                0x0000000040203cd0                __exponent
                0x0000000040203d6c                _printf_float
 .text          0x0000000040204268      0x4bb ../../libc/xtensa-lx106-elf/lib/libc.a(lib_a-nano-vfprintf_i.o)
                                        0x4bf (size before relaxing)
                0x0000000040204268                _printf_common
                0x0000000040204370                _printf_i
 *fill*         0x0000000040204723        0x1 
 .text          0x0000000040204724      0x4c0 ../../libc/xtensa-lx106-elf/lib/libc.a(lib_a-nano-vfscanf_float.o)
                                        0x4c4 (size before relaxing)
                0x0000000040204724                _scanf_float
 .text          0x0000000040204be4       0x65 ../../libc/xtensa-lx106-elf/lib/libc.a(lib_a-putchar.o)
                0x0000000040204be4                _putchar_r
                0x0000000040204c14                putchar
 *fill*         0x0000000040204c49        0x3 
 .text          0x0000000040204c4c       0xd7 ../../libc/xtensa-lx106-elf/lib/libc.a(lib_a-putc.o)
                0x0000000040204c4c                _putc_r
                0x0000000040204d08                putc
 *fill*         0x0000000040204d23        0x1 
 .text          0x0000000040204d24       0xbf ../../libc/xtensa-lx106-elf/lib/libc.a(lib_a-puts.o)
                0x0000000040204d24                _puts_r
                0x0000000040204dcc                puts
 *fill*         0x0000000040204de3        0x1 
 .text          0x0000000040204de4       0x1c ../../libc/xtensa-lx106-elf/lib/libc.a(lib_a-setbuf.o)
                0x0000000040204de4                setbuf
 .text          0x0000000040204e00      0x175 ../../libc/xtensa-lx106-elf/lib/libc.a(lib_a-setvbuf.o)
                                        0x179 (size before relaxing)
                0x0000000040204e00                setvbuf
 *fill*         0x0000000040204f75        0x3 
 .text          0x0000000040204f78        0x5 ../../libc/xtensa-lx106-elf/lib/libc.a(lib_a-sf_nan.o)
                0x0000000040204f78                nanf
 *fill*         0x0000000040204f7d        0x3 
 .text          0x0000000040204f80       0x4c ../../libc/xtensa-lx106-elf/lib/libc.a(lib_a-s_fpclassify.o)
                0x0000000040204f80                __fpclassifyd
 .text          0x0000000040204fcc       0xff ../../libc/xtensa-lx106-elf/lib/libc.a(lib_a-strcmp.o)
                0x0000000040204fcc                strcmp
 *fill*         0x00000000402050cb        0x1 
 .text          0x00000000402050cc       0x5b ../../libc/xtensa-lx106-elf/lib/libc.a(lib_a-strlen.o)
                0x00000000402050cc                strlen
 *fill*         0x0000000040205127        0x1 
 .text          0x0000000040205128      0xda7 ../../libc/xtensa-lx106-elf/lib/libc.a(lib_a-strtod.o)
                                        0xe6f (size before relaxing)
                0x0000000040205158                _strtod_r
                0x0000000040205e74                strtod
                0x0000000040205e90                strtof
 *fill*         0x0000000040205ecf        0x1 
 .text.unlikely
                0x0000000040205ed0       0x3d ../../libc/xtensa-lx106-elf/lib/libc.a(lib_a-strtod.o)
                                         0x41 (size before relaxing)
 *fill*         0x0000000040205f0d        0x3 
 .text          0x0000000040205f10      0x15f ../../libc/xtensa-lx106-elf/lib/libc.a(lib_a-strtol.o)
                0x0000000040205f10                _strtol_r
                0x0000000040206050                strtol
 *fill*         0x000000004020606f        0x1 
 .text          0x0000000040206070       0x19 ../../libc/xtensa-lx106-elf/lib/libc.a(lib_a-syssbrk.o)
                0x0000000040206070                sbrk
 *fill*         0x0000000040206089        0x3 
 .text          0x000000004020608c       0xf7 ../../libc/xtensa-lx106-elf/lib/libc.a(lib_a-wbuf.o)
                                         0xff (size before relaxing)
                0x000000004020608c                __swbuf_r
                0x0000000040206168                __swbuf
 *fill*         0x0000000040206183        0x1 
 .text          0x0000000040206184       0xef ../../libc/xtensa-lx106-elf/lib/libc.a(lib_a-wsetup.o)
                0x0000000040206184                __swsetup_r
 *fill*         0x0000000040206273        0x1 
 .text          0x0000000040206274      0xd66 ../../libc/xtensa-lx106-elf/lib/libc.a(lib_a-dtoa.o)
                                        0xe7a (size before relaxing)
                0x00000000402063b4                _dtoa_r
 *fill*         0x0000000040206fda        0x2 
 .text          0x0000000040206fdc      0x213 ../../libc/xtensa-lx106-elf/lib/libc.a(lib_a-fflush.o)
                                        0x217 (size before relaxing)
                0x0000000040206fdc                __sflush_r
                0x000000004020713c                _fflush_r
                0x00000000402071c8                fflush
 *fill*         0x00000000402071ef        0x1 
 .text          0x00000000402071f0      0x32c ../../libc/xtensa-lx106-elf/lib/libc.a(lib_a-fvwrite.o)
                                        0x334 (size before relaxing)
                0x00000000402071f0                __sfvwrite_r
 .text          0x000000004020751c      0x558 ../../libc/xtensa-lx106-elf/lib/libc.a(lib_a-gdtoa-gethex.o)
                                        0x570 (size before relaxing)
                0x0000000040207590                __hexdig_fun
                0x00000000402075c8                __gethex
 .text          0x0000000040207a74      0x165 ../../libc/xtensa-lx106-elf/lib/libc.a(lib_a-gdtoa-hexnan.o)
                0x0000000040207aa0                __hexnan
 *fill*         0x0000000040207bd9        0x3 
 .text          0x0000000040207bdc       0x8d ../../libc/xtensa-lx106-elf/lib/libc.a(lib_a-locale.o)
                                         0x95 (size before relaxing)
                0x0000000040207bdc                _setlocale_r
                0x0000000040207c24                __locale_charset
                0x0000000040207c2c                __locale_mb_cur_max
                0x0000000040207c34                __locale_msgcharset
                0x0000000040207c3c                __locale_cjk_lang
                0x0000000040207c40                _localeconv_r
                0x0000000040207c48                setlocale
                0x0000000040207c64                localeconv
 *fill*         0x0000000040207c69        0x3 
 .text          0x0000000040207c6c      0x104 ../../libc/xtensa-lx106-elf/lib/libc.a(lib_a-makebuf.o)
                                        0x108 (size before relaxing)
                0x0000000040207c6c                __smakebuf_r
 .text          0x0000000040207d70      0x966 ../../libc/xtensa-lx106-elf/lib/libc.a(lib_a-mprec.o)
                                        0x96e (size before relaxing)
                0x0000000040207d70                _Balloc
                0x0000000040207dfc                _Bfree
                0x0000000040207e44                __multadd
                0x0000000040207ed4                __s2b
                0x0000000040207f70                __hi0bits
                0x0000000040207fb8                __lo0bits
                0x0000000040208020                __i2b
                0x0000000040208040                __multiply
                0x0000000040208164                __pow5mult
                0x0000000040208220                __lshift
                0x00000000402082e0                __mcmp
                0x0000000040208318                __mdiff
                0x00000000402083f8                __ulp
                0x000000004020843c                __b2d
                0x00000000402084fc                __d2b
                0x00000000402085c0                __ratio
                0x0000000040208624                _mprec_log10
                0x000000004020865c                __copybits
                0x000000004020868c                __any_on
 *fill*         0x00000000402086d6        0x2 
 .text          0x00000000402086d8       0x2f ../../libc/xtensa-lx106-elf/lib/libc.a(lib_a-nano-callocr.o)
                0x00000000402086d8                _calloc_r
 *fill*         0x0000000040208707        0x1 
 .text          0x0000000040208708       0x73 ../../libc/xtensa-lx106-elf/lib/libc.a(lib_a-nano-reallocr.o)
                0x0000000040208708                _realloc_r
 *fill*         0x000000004020877b        0x1 
 .text          0x000000004020877c       0xe1 ../../libc/xtensa-lx106-elf/lib/libc.a(lib_a-stdio.o)
                                         0xed (size before relaxing)
                0x000000004020877c                __sread
                0x00000000402087b4                __seofread
                0x00000000402087b8                __swrite
                0x000000004020880c                __sseek
                0x0000000040208848                __sclose
 *fill*         0x000000004020885d        0x3 
 .text          0x0000000040208860       0x30 ../../libc/xtensa-lx106-elf/lib/libc.a(isatty.o)
                0x0000000040208860                _isatty_r
 .text          0x0000000040208890      0x10b ../../libc/xtensa-lx106-elf/lib/libc.a(lib_a-fclose.o)
                                        0x10f (size before relaxing)
                0x0000000040208890                _fclose_r
                0x0000000040208984                fclose
 *fill*         0x000000004020899b        0x1 
 .text          0x000000004020899c       0x7d ../../libc/xtensa-lx106-elf/lib/libc.a(lib_a-wcrtomb.o)
                0x000000004020899c                _wcrtomb_r
                0x00000000402089fc                wcrtomb
 *fill*         0x0000000040208a19        0x3 
 .text          0x0000000040208a1c       0x5d ../../libc/xtensa-lx106-elf/lib/libc.a(lib_a-wctomb_r.o)